Archive member included to satisfy reference by file (symbol)

/opt/Atollic_TrueSTUDIO_for_STM32_x86_64_9.0.0/ARMTools/bin/../lib/gcc/arm-atollic-eabi/6.3.1/../../../../arm-atollic-eabi/lib/armv7-m/libc_nano.a(lib_a-init.o)
                              src/startup_stm32f10x_md.o (__libc_init_array)
/opt/Atollic_TrueSTUDIO_for_STM32_x86_64_9.0.0/ARMTools/bin/../lib/gcc/arm-atollic-eabi/6.3.1/../../../../arm-atollic-eabi/lib/armv7-m/libc_nano.a(lib_a-memcmp.o)
                              src/tiny_broker.o (memcmp)
/opt/Atollic_TrueSTUDIO_for_STM32_x86_64_9.0.0/ARMTools/bin/../lib/gcc/arm-atollic-eabi/6.3.1/../../../../arm-atollic-eabi/lib/armv7-m/libc_nano.a(lib_a-memcpy-stub.o)
                              src/main.o (memcpy)
/opt/Atollic_TrueSTUDIO_for_STM32_x86_64_9.0.0/ARMTools/bin/../lib/gcc/arm-atollic-eabi/6.3.1/../../../../arm-atollic-eabi/lib/armv7-m/libc_nano.a(lib_a-memset.o)
                              src/main.o (memset)
/opt/Atollic_TrueSTUDIO_for_STM32_x86_64_9.0.0/ARMTools/bin/../lib/gcc/arm-atollic-eabi/6.3.1/../../../../arm-atollic-eabi/lib/armv7-m/libc_nano.a(lib_a-strcmp.o)
                              src/tiny_broker.o (strcmp)
/opt/Atollic_TrueSTUDIO_for_STM32_x86_64_9.0.0/ARMTools/bin/../lib/gcc/arm-atollic-eabi/6.3.1/../../../../arm-atollic-eabi/lib/armv7-m/libc_nano.a(lib_a-strlen.o)
                              src/main.o (strlen)
/opt/Atollic_TrueSTUDIO_for_STM32_x86_64_9.0.0/ARMTools/bin/../lib/gcc/arm-atollic-eabi/6.3.1/../../../../arm-atollic-eabi/lib/armv7-m/libc_nano.a(lib_a-strncmp.o)
                              src/tiny_broker.o (strncmp)
/opt/Atollic_TrueSTUDIO_for_STM32_x86_64_9.0.0/ARMTools/bin/../lib/gcc/arm-atollic-eabi/6.3.1/../../../../arm-atollic-eabi/lib/armv7-m/libc_nano.a(lib_a-strncpy.o)
                              src/tiny_broker.o (strncpy)
/opt/Atollic_TrueSTUDIO_for_STM32_x86_64_9.0.0/ARMTools/bin/../lib/gcc/arm-atollic-eabi/6.3.1/../../../../arm-atollic-eabi/lib/armv7-m/libnosys.a(write.o)
                              src/tiny_printf.o (_write)
/opt/Atollic_TrueSTUDIO_for_STM32_x86_64_9.0.0/ARMTools/bin/../lib/gcc/arm-atollic-eabi/6.3.1/../../../../arm-atollic-eabi/lib/armv7-m/libnosys.a(errno.o)
                              /opt/Atollic_TrueSTUDIO_for_STM32_x86_64_9.0.0/ARMTools/bin/../lib/gcc/arm-atollic-eabi/6.3.1/../../../../arm-atollic-eabi/lib/armv7-m/libnosys.a(write.o) (errno)

Allocating common symbols
Common symbol       size              file

errno               0x4               /opt/Atollic_TrueSTUDIO_for_STM32_x86_64_9.0.0/ARMTools/bin/../lib/gcc/arm-atollic-eabi/6.3.1/../../../../arm-atollic-eabi/lib/armv7-m/libnosys.a(errno.o)
local_host          0x102             src/main.o

Discarded input sections

 .text          0x0000000000000000        0x0 /opt/Atollic_TrueSTUDIO_for_STM32_x86_64_9.0.0/ARMTools/bin/../lib/gcc/arm-atollic-eabi/6.3.1/armv7-m/crti.o
 .data          0x0000000000000000        0x0 /opt/Atollic_TrueSTUDIO_for_STM32_x86_64_9.0.0/ARMTools/bin/../lib/gcc/arm-atollic-eabi/6.3.1/armv7-m/crti.o
 .bss           0x0000000000000000        0x0 /opt/Atollic_TrueSTUDIO_for_STM32_x86_64_9.0.0/ARMTools/bin/../lib/gcc/arm-atollic-eabi/6.3.1/armv7-m/crti.o
 .data          0x0000000000000000        0x4 /opt/Atollic_TrueSTUDIO_for_STM32_x86_64_9.0.0/ARMTools/bin/../lib/gcc/arm-atollic-eabi/6.3.1/armv7-m/crtbegin.o
 .text          0x0000000000000000        0x0 Libraries/STM32F10x_StdPeriph_Driver/src/misc.o
 .data          0x0000000000000000        0x0 Libraries/STM32F10x_StdPeriph_Driver/src/misc.o
 .bss           0x0000000000000000        0x0 Libraries/STM32F10x_StdPeriph_Driver/src/misc.o
 .text.NVIC_PriorityGroupConfig
                0x0000000000000000       0x24 Libraries/STM32F10x_StdPeriph_Driver/src/misc.o
 .text.NVIC_Init
                0x0000000000000000       0xc4 Libraries/STM32F10x_StdPeriph_Driver/src/misc.o
 .text.NVIC_SetVectorTable
                0x0000000000000000       0x2c Libraries/STM32F10x_StdPeriph_Driver/src/misc.o
 .text.NVIC_SystemLPConfig
                0x0000000000000000       0x40 Libraries/STM32F10x_StdPeriph_Driver/src/misc.o
 .text.SysTick_CLKSourceConfig
                0x0000000000000000       0x38 Libraries/STM32F10x_StdPeriph_Driver/src/misc.o
 .debug_info    0x0000000000000000      0x54d Libraries/STM32F10x_StdPeriph_Driver/src/misc.o
 .debug_abbrev  0x0000000000000000      0x172 Libraries/STM32F10x_StdPeriph_Driver/src/misc.o
 .debug_aranges
                0x0000000000000000       0x40 Libraries/STM32F10x_StdPeriph_Driver/src/misc.o
 .debug_ranges  0x0000000000000000       0x30 Libraries/STM32F10x_StdPeriph_Driver/src/misc.o
 .debug_line    0x0000000000000000      0x246 Libraries/STM32F10x_StdPeriph_Driver/src/misc.o
 .debug_str     0x0000000000000000      0x434 Libraries/STM32F10x_StdPeriph_Driver/src/misc.o
 .comment       0x0000000000000000       0x7d Libraries/STM32F10x_StdPeriph_Driver/src/misc.o
[...]
Memory Configuration

Name             Origin             Length             Attributes
FLASH            0x0000000008000000 0x0000000000010000 xr
RAM              0x0000000020000000 0x0000000000005000 xrw
MEMORY_B1        0x0000000060000000 0x0000000000000000 xr
*default*        0x0000000000000000 0xffffffffffffffff

Linker script and memory map

LOAD /opt/Atollic_TrueSTUDIO_for_STM32_x86_64_9.0.0/ARMTools/bin/../lib/gcc/arm-atollic-eabi/6.3.1/armv7-m/crti.o
LOAD /opt/Atollic_TrueSTUDIO_for_STM32_x86_64_9.0.0/ARMTools/bin/../lib/gcc/arm-atollic-eabi/6.3.1/armv7-m/crtbegin.o
LOAD Libraries/STM32F10x_StdPeriph_Driver/src/misc.o
LOAD Libraries/STM32F10x_StdPeriph_Driver/src/stm32f10x_adc.o
LOAD Libraries/STM32F10x_StdPeriph_Driver/src/stm32f10x_bkp.o
LOAD Libraries/STM32F10x_StdPeriph_Driver/src/stm32f10x_can.o
LOAD Libraries/STM32F10x_StdPeriph_Driver/src/stm32f10x_cec.o
LOAD Libraries/STM32F10x_StdPeriph_Driver/src/stm32f10x_crc.o
LOAD Libraries/STM32F10x_StdPeriph_Driver/src/stm32f10x_dac.o
LOAD Libraries/STM32F10x_StdPeriph_Driver/src/stm32f10x_dbgmcu.o
LOAD Libraries/STM32F10x_StdPeriph_Driver/src/stm32f10x_dma.o
LOAD Libraries/STM32F10x_StdPeriph_Driver/src/stm32f10x_exti.o
LOAD Libraries/STM32F10x_StdPeriph_Driver/src/stm32f10x_flash.o
LOAD Libraries/STM32F10x_StdPeriph_Driver/src/stm32f10x_fsmc.o
LOAD Libraries/STM32F10x_StdPeriph_Driver/src/stm32f10x_gpio.o
LOAD Libraries/STM32F10x_StdPeriph_Driver/src/stm32f10x_i2c.o
LOAD Libraries/STM32F10x_StdPeriph_Driver/src/stm32f10x_iwdg.o
LOAD Libraries/STM32F10x_StdPeriph_Driver/src/stm32f10x_pwr.o
LOAD Libraries/STM32F10x_StdPeriph_Driver/src/stm32f10x_rcc.o
LOAD Libraries/STM32F10x_StdPeriph_Driver/src/stm32f10x_rtc.o
LOAD Libraries/STM32F10x_StdPeriph_Driver/src/stm32f10x_sdio.o
LOAD Libraries/STM32F10x_StdPeriph_Driver/src/stm32f10x_spi.o
LOAD Libraries/STM32F10x_StdPeriph_Driver/src/stm32f10x_tim.o
LOAD Libraries/STM32F10x_StdPeriph_Driver/src/stm32f10x_usart.o
LOAD Libraries/STM32F10x_StdPeriph_Driver/src/stm32f10x_wwdg.o
LOAD src/main.o
LOAD src/mqtt_client.o
LOAD src/mqtt_packet.o
LOAD src/mqtt_socket.o
LOAD src/startup_stm32f10x_md.o
LOAD src/stm32f1xx_it.o
LOAD src/system_stm32f10x.o
LOAD src/tiny_broker.o
LOAD src/tiny_printf.o
                0x0000000000000080                malloc_getpagesize_P = 0x80
START GROUP
LOAD /opt/Atollic_TrueSTUDIO_for_STM32_x86_64_9.0.0/ARMTools/bin/../lib/gcc/arm-atollic-eabi/6.3.1/../../../../arm-atollic-eabi/lib/armv7-m/libc_nano.a
LOAD /opt/Atollic_TrueSTUDIO_for_STM32_x86_64_9.0.0/ARMTools/bin/../lib/gcc/arm-atollic-eabi/6.3.1/../../../../arm-atollic-eabi/lib/armv7-m/libm.a
END GROUP
START GROUP
LOAD /opt/Atollic_TrueSTUDIO_for_STM32_x86_64_9.0.0/ARMTools/bin/../lib/gcc/arm-atollic-eabi/6.3.1/armv7-m/libgcc.a
LOAD /opt/Atollic_TrueSTUDIO_for_STM32_x86_64_9.0.0/ARMTools/bin/../lib/gcc/arm-atollic-eabi/6.3.1/../../../../arm-atollic-eabi/lib/armv7-m/libc_nano.a
END GROUP
START GROUP
LOAD /opt/Atollic_TrueSTUDIO_for_STM32_x86_64_9.0.0/ARMTools/bin/../lib/gcc/arm-atollic-eabi/6.3.1/armv7-m/libgcc.a
LOAD /opt/Atollic_TrueSTUDIO_for_STM32_x86_64_9.0.0/ARMTools/bin/../lib/gcc/arm-atollic-eabi/6.3.1/../../../../arm-atollic-eabi/lib/armv7-m/libc_nano.a
LOAD /opt/Atollic_TrueSTUDIO_for_STM32_x86_64_9.0.0/ARMTools/bin/../lib/gcc/arm-atollic-eabi/6.3.1/../../../../arm-atollic-eabi/lib/armv7-m/libnosys.a
END GROUP
START GROUP
LOAD /opt/Atollic_TrueSTUDIO_for_STM32_x86_64_9.0.0/ARMTools/bin/../lib/gcc/arm-atollic-eabi/6.3.1/armv7-m/libgcc.a
LOAD /opt/Atollic_TrueSTUDIO_for_STM32_x86_64_9.0.0/ARMTools/bin/../lib/gcc/arm-atollic-eabi/6.3.1/../../../../arm-atollic-eabi/lib/armv7-m/libc_nano.a
LOAD /opt/Atollic_TrueSTUDIO_for_STM32_x86_64_9.0.0/ARMTools/bin/../lib/gcc/arm-atollic-eabi/6.3.1/../../../../arm-atollic-eabi/lib/armv7-m/libnosys.a
END GROUP
LOAD /opt/Atollic_TrueSTUDIO_for_STM32_x86_64_9.0.0/ARMTools/bin/../lib/gcc/arm-atollic-eabi/6.3.1/armv7-m/crtend.o
LOAD /opt/Atollic_TrueSTUDIO_for_STM32_x86_64_9.0.0/ARMTools/bin/../lib/gcc/arm-atollic-eabi/6.3.1/armv7-m/crtn.o
                0x0000000020005000                _estack = 0x20005000
                0x0000000000000000                _Min_Heap_Size = 0x0
                0x0000000000000100                _Min_Stack_Size = 0x100

.isr_vector     0x0000000008000000      0x10c
                0x0000000008000000                . = ALIGN (0x4)
 *(.isr_vector)
 .isr_vector    0x0000000008000000      0x10c src/startup_stm32f10x_md.o
                0x0000000008000000                g_pfnVectors
                0x000000000800010c                . = ALIGN (0x4)

.text           0x000000000800010c     0x20e8
                0x000000000800010c                . = ALIGN (0x4)
 *(.text)
 .text          0x000000000800010c       0x40 /opt/Atollic_TrueSTUDIO_for_STM32_x86_64_9.0.0/ARMTools/bin/../lib/gcc/arm-atollic-eabi/6.3.1/armv7-m/crtbegin.o
 .text          0x000000000800014c       0x10 /opt/Atollic_TrueSTUDIO_for_STM32_x86_64_9.0.0/ARMTools/bin/../lib/gcc/arm-atollic-eabi/6.3.1/../../../../arm-atollic-eabi/lib/armv7-m/libc_nano.a(lib_a-strlen.o)
                0x000000000800014c                strlen
 *(.text*)
 .text.packet_send_localhost
                0x000000000800015c       0x2c src/main.o
                0x000000000800015c                packet_send_localhost
 .text.mqtt_message_cb
                0x0000000008000188       0x22 src/main.o
                0x0000000008000188                mqtt_message_cb
 .text.mqt_net_connect_cb
                0x00000000080001aa       0x1c src/main.o
                0x00000000080001aa                mqt_net_connect_cb
 *fill*         0x00000000080001c6        0x2 
 .text.mqtt_net_read_cb
                0x00000000080001c8       0x48 src/main.o
                0x00000000080001c8                mqtt_net_read_cb
 .text.mqtt_net_write_cb
                0x0000000008000210       0x24 src/main.o
                0x0000000008000210                mqtt_net_write_cb
 .text.mqtt_net_disconnect_cb
                0x0000000008000234       0x14 src/main.o
                0x0000000008000234                mqtt_net_disconnect_cb
 .text.broker_conn
                0x0000000008000248       0x16 src/main.o
                0x0000000008000248                broker_conn
 .text.broker_send
                0x000000000800025e       0x1a src/main.o
                0x000000000800025e                broker_send
 .text.broker_rec
                0x0000000008000278       0x1a src/main.o
                0x0000000008000278                broker_rec
 .text.broker_discon
                0x0000000008000292       0x16 src/main.o
                0x0000000008000292                broker_discon
 .text.main     0x00000000080002a8      0x33c src/main.o
                0x00000000080002a8                main
 .text.MqttClient_HandlePayload
                0x00000000080005e4      0x330 src/mqtt_client.o
 .text.MqttClient_WaitType
                0x0000000008000914       0xf4 src/mqtt_client.o
 .text.MqttClient_Init
                0x0000000008000a08       0x78 src/mqtt_client.o
                0x0000000008000a08                MqttClient_Init
 .text.MqttClient_Connect
                0x0000000008000a80       0x8e src/mqtt_client.o
                0x0000000008000a80                MqttClient_Connect
 .text.MqttEncode_FixedHeader
                0x0000000008000b0e       0x8e src/mqtt_packet.o
 .text.MqttDecode_FixedHeader
                0x0000000008000b9c       0x9c src/mqtt_packet.o
 .text.MqttDecode_RemainLen
                0x0000000008000c38       0x8c src/mqtt_packet.o
                0x0000000008000c38                MqttDecode_RemainLen
 .text.MqttEncode_RemainLen
                0x0000000008000cc4       0x8a src/mqtt_packet.o
                0x0000000008000cc4                MqttEncode_RemainLen
 .text.MqttDecode_Num
                0x0000000008000d4e       0x40 src/mqtt_packet.o
                0x0000000008000d4e                MqttDecode_Num
 .text.MqttEncode_Num
                0x0000000008000d8e       0x2e src/mqtt_packet.o
                0x0000000008000d8e                MqttEncode_Num
 .text.MqttDecode_String
                0x0000000008000dbc       0x4a src/mqtt_packet.o
                0x0000000008000dbc                MqttDecode_String
 .text.MqttEncode_String
                0x0000000008000e06       0x44 src/mqtt_packet.o
                0x0000000008000e06                MqttEncode_String
 .text.MqttEncode_Data
                0x0000000008000e4a       0x3c src/mqtt_packet.o
                0x0000000008000e4a                MqttEncode_Data
 *fill*         0x0000000008000e86        0x2 
 .text.MqttEncode_Connect
                0x0000000008000e88      0x260 src/mqtt_packet.o
                0x0000000008000e88                MqttEncode_Connect
 .text.MqttDecode_ConnectAck
                0x00000000080010e8       0x70 src/mqtt_packet.o
                0x00000000080010e8                MqttDecode_ConnectAck
 .text.MqttEncode_Publish
                0x0000000008001158      0x11e src/mqtt_packet.o
                0x0000000008001158                MqttEncode_Publish
 .text.MqttDecode_Publish
                0x0000000008001276       0xee src/mqtt_packet.o
                0x0000000008001276                MqttDecode_Publish
 .text.MqttEncode_PublishResp
                0x0000000008001364       0x8c src/mqtt_packet.o
                0x0000000008001364                MqttEncode_PublishResp
 .text.MqttDecode_PublishResp
                0x00000000080013f0       0x7a src/mqtt_packet.o
                0x00000000080013f0                MqttDecode_PublishResp
 .text.MqttEncode_Subscribe
                0x000000000800146a       0xfa src/mqtt_packet.o
                0x000000000800146a                MqttEncode_Subscribe
 .text.MqttDecode_SubscribeAck
                0x0000000008001564       0x80 src/mqtt_packet.o
                0x0000000008001564                MqttDecode_SubscribeAck
 .text.MqttDecode_UnsubscribeAck
                0x00000000080015e4       0x7a src/mqtt_packet.o
                0x00000000080015e4                MqttDecode_UnsubscribeAck
 .text.MqttDecode_Ping
                0x000000000800165e       0x50 src/mqtt_packet.o
                0x000000000800165e                MqttDecode_Ping
 .text.MqttPacket_Write
                0x00000000080016ae       0x26 src/mqtt_packet.o
                0x00000000080016ae                MqttPacket_Write
 .text.MqttPacket_Read
                0x00000000080016d4      0x13a src/mqtt_packet.o
                0x00000000080016d4                MqttPacket_Read
 .text.MqttSocket_Init
                0x000000000800180e       0x5e src/mqtt_socket.o
                0x000000000800180e                MqttSocket_Init
 .text.MqttSocket_WriteDo
                0x000000000800186c       0x2e src/mqtt_socket.o
 .text.MqttSocket_Write
                0x000000000800189a       0xa0 src/mqtt_socket.o
                0x000000000800189a                MqttSocket_Write
 .text.MqttSocket_ReadDo
                0x000000000800193a       0x2e src/mqtt_socket.o
 .text.MqttSocket_Read
                0x0000000008001968       0xa0 src/mqtt_socket.o
                0x0000000008001968                MqttSocket_Read
 .text.Reset_Handler
                0x0000000008001a08       0x50 src/startup_stm32f10x_md.o
                0x0000000008001a08                Reset_Handler
 .text.Default_Handler
                0x0000000008001a58        0x2 src/startup_stm32f10x_md.o
                0x0000000008001a58                EXTI2_IRQHandler
                0x0000000008001a58                TIM1_CC_IRQHandler
                0x0000000008001a58                PVD_IRQHandler
                0x0000000008001a58                EXTI3_IRQHandler
                0x0000000008001a58                EXTI0_IRQHandler
                0x0000000008001a58                I2C2_EV_IRQHandler
                0x0000000008001a58                ADC1_2_IRQHandler
                0x0000000008001a58                SPI1_IRQHandler
                0x0000000008001a58                TAMPER_IRQHandler
                0x0000000008001a58                DMA1_Channel4_IRQHandler
                0x0000000008001a58                USART3_IRQHandler
                0x0000000008001a58                RTC_IRQHandler
                0x0000000008001a58                DMA1_Channel7_IRQHandler
                0x0000000008001a58                CAN1_RX1_IRQHandler
                0x0000000008001a58                TIM4_IRQHandler
                0x0000000008001a58                I2C1_EV_IRQHandler
                0x0000000008001a58                DMA1_Channel6_IRQHandler
                0x0000000008001a58                TIM3_IRQHandler
                0x0000000008001a58                RCC_IRQHandler
                0x0000000008001a58                TIM1_TRG_COM_IRQHandler
                0x0000000008001a58                DMA1_Channel1_IRQHandler
                0x0000000008001a58                Default_Handler
                0x0000000008001a58                EXTI15_10_IRQHandler
                0x0000000008001a58                EXTI9_5_IRQHandler
                0x0000000008001a58                SPI2_IRQHandler
                0x0000000008001a58                DMA1_Channel5_IRQHandler
                0x0000000008001a58                EXTI4_IRQHandler
                0x0000000008001a58                USB_LP_CAN1_RX0_IRQHandler
                0x0000000008001a58                USB_HP_CAN1_TX_IRQHandler
                0x0000000008001a58                DMA1_Channel3_IRQHandler
                0x0000000008001a58                TIM1_UP_IRQHandler
                0x0000000008001a58                WWDG_IRQHandler
                0x0000000008001a58                TIM2_IRQHandler
                0x0000000008001a58                TIM1_BRK_IRQHandler
                0x0000000008001a58                EXTI1_IRQHandler
                0x0000000008001a58                RTCAlarm_IRQHandler
                0x0000000008001a58                USART2_IRQHandler
                0x0000000008001a58                I2C2_ER_IRQHandler
                0x0000000008001a58                DMA1_Channel2_IRQHandler
                0x0000000008001a58                CAN1_SCE_IRQHandler
                0x0000000008001a58                FLASH_IRQHandler
                0x0000000008001a58                USART1_IRQHandler
                0x0000000008001a58                I2C1_ER_IRQHandler
                0x0000000008001a58                USBWakeUp_IRQHandler
 .text.NMI_Handler
                0x0000000008001a5a        0xc src/stm32f1xx_it.o
                0x0000000008001a5a                NMI_Handler
 .text.HardFault_Handler
                0x0000000008001a66        0x6 src/stm32f1xx_it.o
                0x0000000008001a66                HardFault_Handler
 .text.MemManage_Handler
                0x0000000008001a6c        0x6 src/stm32f1xx_it.o
                0x0000000008001a6c                MemManage_Handler
 .text.BusFault_Handler
                0x0000000008001a72        0x6 src/stm32f1xx_it.o
                0x0000000008001a72                BusFault_Handler
 .text.UsageFault_Handler
                0x0000000008001a78        0x6 src/stm32f1xx_it.o
                0x0000000008001a78                UsageFault_Handler
 .text.SVC_Handler
                0x0000000008001a7e        0xc src/stm32f1xx_it.o
                0x0000000008001a7e                SVC_Handler
 .text.DebugMon_Handler
                0x0000000008001a8a        0xc src/stm32f1xx_it.o
                0x0000000008001a8a                DebugMon_Handler
 .text.PendSV_Handler
                0x0000000008001a96        0xc src/stm32f1xx_it.o
                0x0000000008001a96                PendSV_Handler
 .text.SysTick_Handler
                0x0000000008001aa2        0xc src/stm32f1xx_it.o
                0x0000000008001aa2                SysTick_Handler
 *fill*         0x0000000008001aae        0x2 
 .text.SystemInit
                0x0000000008001ab0       0x68 src/system_stm32f10x.o
                0x0000000008001ab0                SystemInit
 .text.SetSysClock
                0x0000000008001b18        0xc src/system_stm32f10x.o
 .text.SetSysClockTo72
                0x0000000008001b24      0x100 src/system_stm32f10x.o
 .text.broker_init_by_given_net
                0x0000000008001c24       0x26 src/tiny_broker.o
                0x0000000008001c24                broker_init_by_given_net
 .text.decode_pck_len
                0x0000000008001c4a       0x78 src/tiny_broker.o
                0x0000000008001c4a                decode_pck_len
 .text.broker_decode_connect
                0x0000000008001cc2      0x284 src/tiny_broker.o
                0x0000000008001cc2                broker_decode_connect
 .text.broker_decode_publish
                0x0000000008001f46       0xd8 src/tiny_broker.o
                0x0000000008001f46                broker_decode_publish
 .text.broker_decode_subscribe
                0x000000000800201e      0x14e src/tiny_broker.o
                0x000000000800201e                broker_decode_subscribe
 .text.__libc_init_array
                0x000000000800216c       0x48 /opt/Atollic_TrueSTUDIO_for_STM32_x86_64_9.0.0/ARMTools/bin/../lib/gcc/arm-atollic-eabi/6.3.1/../../../../arm-atollic-eabi/lib/armv7-m/libc_nano.a(lib_a-init.o)
                0x000000000800216c                __libc_init_array
 .text.memcpy   0x00000000080021b4       0x16 /opt/Atollic_TrueSTUDIO_for_STM32_x86_64_9.0.0/ARMTools/bin/../lib/gcc/arm-atollic-eabi/6.3.1/../../../../arm-atollic-eabi/lib/armv7-m/libc_nano.a(lib_a-memcpy-stub.o)
                0x00000000080021b4                memcpy
 .text.memset   0x00000000080021ca       0x10 /opt/Atollic_TrueSTUDIO_for_STM32_x86_64_9.0.0/ARMTools/bin/../lib/gcc/arm-atollic-eabi/6.3.1/../../../../arm-atollic-eabi/lib/armv7-m/libc_nano.a(lib_a-memset.o)
                0x00000000080021ca                memset
 *(.glue_7)
 .glue_7        0x00000000080021da        0x0 linker stubs
 *(.glue_7t)
 .glue_7t       0x00000000080021da        0x0 linker stubs
 *(.eh_frame)
 *fill*         0x00000000080021da        0x2 
 .eh_frame      0x00000000080021dc        0x0 /opt/Atollic_TrueSTUDIO_for_STM32_x86_64_9.0.0/ARMTools/bin/../lib/gcc/arm-atollic-eabi/6.3.1/armv7-m/crtbegin.o
 *(.init)
 .init          0x00000000080021dc        0x4 /opt/Atollic_TrueSTUDIO_for_STM32_x86_64_9.0.0/ARMTools/bin/../lib/gcc/arm-atollic-eabi/6.3.1/armv7-m/crti.o
                0x00000000080021dc                _init
 .init          0x00000000080021e0        0x8 /opt/Atollic_TrueSTUDIO_for_STM32_x86_64_9.0.0/ARMTools/bin/../lib/gcc/arm-atollic-eabi/6.3.1/armv7-m/crtn.o
 *(.fini)
 .fini          0x00000000080021e8        0x4 /opt/Atollic_TrueSTUDIO_for_STM32_x86_64_9.0.0/ARMTools/bin/../lib/gcc/arm-atollic-eabi/6.3.1/armv7-m/crti.o
                0x00000000080021e8                _fini
 .fini          0x00000000080021ec        0x8 /opt/Atollic_TrueSTUDIO_for_STM32_x86_64_9.0.0/ARMTools/bin/../lib/gcc/arm-atollic-eabi/6.3.1/armv7-m/crtn.o
                0x00000000080021f4                . = ALIGN (0x4)
                0x00000000080021f4                _etext = .

.vfp11_veneer   0x00000000080021f4        0x0
 .vfp11_veneer  0x00000000080021f4        0x0 linker stubs

.v4_bx          0x00000000080021f4        0x0
 .v4_bx         0x00000000080021f4        0x0 linker stubs

.iplt           0x00000000080021f4        0x0
 .iplt          0x00000000080021f4        0x0 /opt/Atollic_TrueSTUDIO_for_STM32_x86_64_9.0.0/ARMTools/bin/../lib/gcc/arm-atollic-eabi/6.3.1/armv7-m/crtbegin.o

.rodata         0x00000000080021f4       0x58
                0x00000000080021f4                . = ALIGN (0x4)
 *(.rodata)
 .rodata        0x00000000080021f4       0x4c src/main.o
 .rodata        0x0000000008002240        0xa src/mqtt_packet.o
 *(.rodata*)
                0x000000000800224c                . = ALIGN (0x4)
 *fill*         0x000000000800224a        0x2 

.rel.dyn        0x000000000800224c        0x0
 .rel.iplt      0x000000000800224c        0x0 /opt/Atollic_TrueSTUDIO_for_STM32_x86_64_9.0.0/ARMTools/bin/../lib/gcc/arm-atollic-eabi/6.3.1/armv7-m/crtbegin.o

.ARM.extab
 *(.ARM.extab* .gnu.linkonce.armextab.*)

.ARM            0x000000000800224c        0x0
                0x000000000800224c                __exidx_start = .
 *(.ARM.exidx*)
                0x000000000800224c                __exidx_end = .

.preinit_array  0x000000000800224c        0x0
                0x000000000800224c                PROVIDE (__preinit_array_start, .)
 *(.preinit_array*)
                0x000000000800224c                PROVIDE (__preinit_array_end, .)

.init_array     0x000000000800224c        0x4
                0x000000000800224c                PROVIDE (__init_array_start, .)
 *(SORT(.init_array.*))
 *(.init_array*)
 .init_array    0x000000000800224c        0x4 /opt/Atollic_TrueSTUDIO_for_STM32_x86_64_9.0.0/ARMTools/bin/../lib/gcc/arm-atollic-eabi/6.3.1/armv7-m/crtbegin.o
                0x0000000008002250                PROVIDE (__init_array_end, .)

.fini_array     0x0000000008002250        0x4
                [!provide]                        PROVIDE (__fini_array_start, .)
 *(SORT(.fini_array.*))
 *(.fini_array*)
 .fini_array    0x0000000008002250        0x4 /opt/Atollic_TrueSTUDIO_for_STM32_x86_64_9.0.0/ARMTools/bin/../lib/gcc/arm-atollic-eabi/6.3.1/armv7-m/crtbegin.o
                [!provide]                        PROVIDE (__fini_array_end, .)
                0x0000000008002254                _sidata = LOADADDR (.data)

.data           0x0000000020000000        0x0 load address 0x0000000008002254
                0x0000000020000000                . = ALIGN (0x4)
                0x0000000020000000                _sdata = .
 *(.data)
 *(.data*)
                0x0000000020000000                . = ALIGN (0x4)
                0x0000000020000000                _edata = .

.igot.plt       0x0000000020000000        0x0 load address 0x0000000008002254
 .igot.plt      0x0000000020000000        0x0 /opt/Atollic_TrueSTUDIO_for_STM32_x86_64_9.0.0/ARMTools/bin/../lib/gcc/arm-atollic-eabi/6.3.1/armv7-m/crtbegin.o
                0x0000000020000000                . = ALIGN (0x4)

.bss            0x0000000020000000      0x120 load address 0x0000000008002254
                0x0000000020000000                _sbss = .
                0x0000000020000000                __bss_start__ = _sbss
 *(.bss)
 .bss           0x0000000020000000       0x1c /opt/Atollic_TrueSTUDIO_for_STM32_x86_64_9.0.0/ARMTools/bin/../lib/gcc/arm-atollic-eabi/6.3.1/armv7-m/crtbegin.o
 *(.bss*)
 *(COMMON)
 COMMON         0x000000002000001c      0x102 src/main.o
                0x000000002000001c                local_host
                0x0000000020000120                . = ALIGN (0x4)
 *fill*         0x000000002000011e        0x2 
                0x0000000020000120                _ebss = .
                0x0000000020000120                __bss_end__ = _ebss

._user_heap_stack
                0x0000000020000120      0x100 load address 0x0000000008002254
                0x0000000020000120                . = ALIGN (0x4)
                [!provide]                        PROVIDE (end, .)
                [!provide]                        PROVIDE (_end, .)
                0x0000000020000120                . = (. + _Min_Heap_Size)
                0x0000000020000220                . = (. + _Min_Stack_Size)
 *fill*         0x0000000020000120      0x100 
                0x0000000020000220                . = ALIGN (0x4)

.memory_b1_text
 *(.mb1text)
 *(.mb1text*)
 *(.mb1rodata)
 *(.mb1rodata*)

/DISCARD/
 libc.a(*)
 libm.a(*)
 libgcc.a(*)

.ARM.attributes
                0x0000000000000000       0x29
 *(.ARM.attributes)
 .ARM.attributes
                0x0000000000000000       0x1d /opt/Atollic_TrueSTUDIO_for_STM32_x86_64_9.0.0/ARMTools/bin/../lib/gcc/arm-atollic-eabi/6.3.1/armv7-m/crti.o
 .ARM.attributes
                0x000000000000001d       0x2d /opt/Atollic_TrueSTUDIO_for_STM32_x86_64_9.0.0/ARMTools/bin/../lib/gcc/arm-atollic-eabi/6.3.1/armv7-m/crtbegin.o
 .ARM.attributes
                0x000000000000004a       0x33 src/main.o
 .ARM.attributes
                0x000000000000007d       0x33 src/mqtt_client.o
 .ARM.attributes
                0x00000000000000b0       0x33 src/mqtt_packet.o
 .ARM.attributes
                0x00000000000000e3       0x33 src/mqtt_socket.o
 .ARM.attributes
                0x0000000000000116       0x21 src/startup_stm32f10x_md.o
 .ARM.attributes
                0x0000000000000137       0x33 src/stm32f1xx_it.o
 .ARM.attributes
                0x000000000000016a       0x33 src/system_stm32f10x.o
 .ARM.attributes
                0x000000000000019d       0x33 src/tiny_broker.o
 .ARM.attributes
                0x00000000000001d0       0x2d /opt/Atollic_TrueSTUDIO_for_STM32_x86_64_9.0.0/ARMTools/bin/../lib/gcc/arm-atollic-eabi/6.3.1/../../../../arm-atollic-eabi/lib/armv7-m/libc_nano.a(lib_a-init.o)
 .ARM.attributes
                0x00000000000001fd       0x2d /opt/Atollic_TrueSTUDIO_for_STM32_x86_64_9.0.0/ARMTools/bin/../lib/gcc/arm-atollic-eabi/6.3.1/../../../../arm-atollic-eabi/lib/armv7-m/libc_nano.a(lib_a-memcpy-stub.o)
 .ARM.attributes
                0x000000000000022a       0x2d /opt/Atollic_TrueSTUDIO_for_STM32_x86_64_9.0.0/ARMTools/bin/../lib/gcc/arm-atollic-eabi/6.3.1/../../../../arm-atollic-eabi/lib/armv7-m/libc_nano.a(lib_a-memset.o)
 .ARM.attributes
                0x0000000000000257       0x17 /opt/Atollic_TrueSTUDIO_for_STM32_x86_64_9.0.0/ARMTools/bin/../lib/gcc/arm-atollic-eabi/6.3.1/../../../../arm-atollic-eabi/lib/armv7-m/libc_nano.a(lib_a-strlen.o)
 .ARM.attributes
                0x000000000000026e       0x1d /opt/Atollic_TrueSTUDIO_for_STM32_x86_64_9.0.0/ARMTools/bin/../lib/gcc/arm-atollic-eabi/6.3.1/armv7-m/crtn.o
OUTPUT(tiny_broker.elf elf32-littlearm)

.debug_info     0x0000000000000000     0x78c6
 .debug_info    0x0000000000000000     0x19b2 src/main.o
 .debug_info    0x00000000000019b2     0x15ff src/mqtt_client.o
 .debug_info    0x0000000000002fb1     0x1b2a src/mqtt_packet.o
 .debug_info    0x0000000000004adb      0xfac src/mqtt_socket.o
 .debug_info    0x0000000000005a87       0x7d src/startup_stm32f10x_md.o
 .debug_info    0x0000000000005b04      0x154 src/stm32f1xx_it.o
 .debug_info    0x0000000000005c58      0x4a7 src/system_stm32f10x.o
 .debug_info    0x00000000000060ff     0x17c7 src/tiny_broker.o

.debug_abbrev   0x0000000000000000      0xf53
 .debug_abbrev  0x0000000000000000      0x2bc src/main.o
 .debug_abbrev  0x00000000000002bc      0x270 src/mqtt_client.o
 .debug_abbrev  0x000000000000052c      0x26b src/mqtt_packet.o
 .debug_abbrev  0x0000000000000797      0x242 src/mqtt_socket.o
 .debug_abbrev  0x00000000000009d9       0x12 src/startup_stm32f10x_md.o
 .debug_abbrev  0x00000000000009eb       0x78 src/stm32f1xx_it.o
 .debug_abbrev  0x0000000000000a63      0x16e src/system_stm32f10x.o
 .debug_abbrev  0x0000000000000bd1      0x382 src/tiny_broker.o

.debug_aranges  0x0000000000000000      0x3a0
 .debug_aranges
                0x0000000000000000       0x70 src/main.o
 .debug_aranges
                0x0000000000000070       0x80 src/mqtt_client.o
 .debug_aranges
                0x00000000000000f0       0xd8 src/mqtt_packet.o
 .debug_aranges
                0x00000000000001c8       0x50 src/mqtt_socket.o
 .debug_aranges
                0x0000000000000218       0x28 src/startup_stm32f10x_md.o
 .debug_aranges
                0x0000000000000240       0x60 src/stm32f1xx_it.o
 .debug_aranges
                0x00000000000002a0       0x38 src/system_stm32f10x.o
 .debug_aranges
                0x00000000000002d8       0xc8 src/tiny_broker.o

.debug_ranges   0x0000000000000000      0x370
 .debug_ranges  0x0000000000000000       0x60 src/main.o
 .debug_ranges  0x0000000000000060       0xa0 src/mqtt_client.o
 .debug_ranges  0x0000000000000100       0xc8 src/mqtt_packet.o
 .debug_ranges  0x00000000000001c8       0x40 src/mqtt_socket.o
 .debug_ranges  0x0000000000000208       0x20 src/startup_stm32f10x_md.o
 .debug_ranges  0x0000000000000228       0x50 src/stm32f1xx_it.o
 .debug_ranges  0x0000000000000278       0x28 src/system_stm32f10x.o
 .debug_ranges  0x00000000000002a0       0xd0 src/tiny_broker.o

.debug_line     0x0000000000000000     0x1b45
 .debug_line    0x0000000000000000      0x3f8 src/main.o
 .debug_line    0x00000000000003f8      0x48e src/mqtt_client.o
 .debug_line    0x0000000000000886      0x5bd src/mqtt_packet.o
 .debug_line    0x0000000000000e43      0x31b src/mqtt_socket.o
 .debug_line    0x000000000000115e       0x7c src/startup_stm32f10x_md.o
 .debug_line    0x00000000000011da      0x21a src/stm32f1xx_it.o
 .debug_line    0x00000000000013f4      0x234 src/system_stm32f10x.o
 .debug_line    0x0000000000001628      0x51d src/tiny_broker.o

.debug_str      0x0000000000000000     0x1baa
 .debug_str     0x0000000000000000      0xc5b src/main.o
                                        0xe2b (size before relaxing)
 .debug_str     0x0000000000000c5b      0x5c3 src/mqtt_client.o
                                        0xfca (size before relaxing)
 .debug_str     0x000000000000121e      0x3c5 src/mqtt_packet.o
                                       0x11e3 (size before relaxing)
 .debug_str     0x00000000000015e3       0xda src/mqtt_socket.o
                                        0xaac (size before relaxing)
 .debug_str     0x00000000000016bd       0xa6 src/stm32f1xx_it.o
                                        0x255 (size before relaxing)
 .debug_str     0x0000000000001763      0x14e src/system_stm32f10x.o
                                        0x331 (size before relaxing)
 .debug_str     0x00000000000018b1      0x2f9 src/tiny_broker.o
                                        0xca3 (size before relaxing)

.comment        0x0000000000000000       0x7c
 .comment       0x0000000000000000       0x7c src/main.o
                                         0x7d (size before relaxing)
 .comment       0x000000000000007c       0x7d src/mqtt_client.o
 .comment       0x000000000000007c       0x7d src/mqtt_packet.o
 .comment       0x000000000000007c       0x7d src/mqtt_socket.o
 .comment       0x000000000000007c       0x7d src/stm32f1xx_it.o
 .comment       0x000000000000007c       0x7d src/system_stm32f10x.o
 .comment       0x000000000000007c       0x7d src/tiny_broker.o

.debug_frame    0x0000000000000000      0xdd8
 .debug_frame   0x0000000000000000      0x1b8 src/main.o
 .debug_frame   0x00000000000001b8      0x200 src/mqtt_client.o
 .debug_frame   0x00000000000003b8      0x398 src/mqtt_packet.o
 .debug_frame   0x0000000000000750      0x11c src/mqtt_socket.o
 .debug_frame   0x000000000000086c      0x110 src/stm32f1xx_it.o
 .debug_frame   0x000000000000097c       0x98 src/system_stm32f10x.o
 .debug_frame   0x0000000000000a14      0x350 src/tiny_broker.o
 .debug_frame   0x0000000000000d64       0x2c /opt/Atollic_TrueSTUDIO_for_STM32_x86_64_9.0.0/ARMTools/bin/../lib/gcc/arm-atollic-eabi/6.3.1/../../../../arm-atollic-eabi/lib/armv7-m/libc_nano.a(lib_a-init.o)
 .debug_frame   0x0000000000000d90       0x28 /opt/Atollic_TrueSTUDIO_for_STM32_x86_64_9.0.0/ARMTools/bin/../lib/gcc/arm-atollic-eabi/6.3.1/../../../../arm-atollic-eabi/lib/armv7-m/libc_nano.a(lib_a-memcpy-stub.o)
 .debug_frame   0x0000000000000db8       0x20 /opt/Atollic_TrueSTUDIO_for_STM32_x86_64_9.0.0/ARMTools/bin/../lib/gcc/arm-atollic-eabi/6.3.1/../../../../arm-atollic-eabi/lib/armv7-m/libc_nano.a(lib_a-memset.o)

.stabstr        0x0000000000000000       0x3f
 .stabstr       0x0000000000000000       0x3f /opt/Atollic_TrueSTUDIO_for_STM32_x86_64_9.0.0/ARMTools/bin/../lib/gcc/arm-atollic-eabi/6.3.1/../../../../arm-atollic-eabi/lib/armv7-m/libnosys.a(write.o)

Cross Reference Table

Symbol                                            File
ADC1_2_IRQHandler                                 src/startup_stm32f10x_md.o
ADC_AnalogWatchdogCmd                             Libraries/STM32F10x_StdPeriph_Driver/src/stm32f10x_adc.o
ADC_AnalogWatchdogSingleChannelConfig             Libraries/STM32F10x_StdPeriph_Driver/src/stm32f10x_adc.o
ADC_AnalogWatchdogThresholdsConfig                Libraries/STM32F10x_StdPeriph_Driver/src/stm32f10x_adc.o
ADC_AutoInjectedConvCmd                           Libraries/STM32F10x_StdPeriph_Driver/src/stm32f10x_adc.o
ADC_ClearFlag                                     Libraries/STM32F10x_StdPeriph_Driver/src/stm32f10x_adc.o
ADC_ClearITPendingBit                             Libraries/STM32F10x_StdPeriph_Driver/src/stm32f10x_adc.o
ADC_Cmd                                           Libraries/STM32F10x_StdPeriph_Driver/src/stm32f10x_adc.o
ADC_DMACmd                                        Libraries/STM32F10x_StdPeriph_Driver/src/stm32f10x_adc.o
ADC_DeInit                                        Libraries/STM32F10x_StdPeriph_Driver/src/stm32f10x_adc.o
ADC_DiscModeChannelCountConfig                    Libraries/STM32F10x_StdPeriph_Driver/src/stm32f10x_adc.o
ADC_DiscModeCmd                                   Libraries/STM32F10x_StdPeriph_Driver/src/stm32f10x_adc.o
ADC_ExternalTrigConvCmd                           Libraries/STM32F10x_StdPeriph_Driver/src/stm32f10x_adc.o
ADC_ExternalTrigInjectedConvCmd                   Libraries/STM32F10x_StdPeriph_Driver/src/stm32f10x_adc.o
ADC_ExternalTrigInjectedConvConfig                Libraries/STM32F10x_StdPeriph_Driver/src/stm32f10x_adc.o
ADC_GetCalibrationStatus                          Libraries/STM32F10x_StdPeriph_Driver/src/stm32f10x_adc.o
ADC_GetConversionValue                            Libraries/STM32F10x_StdPeriph_Driver/src/stm32f10x_adc.o
ADC_GetDualModeConversionValue                    Libraries/STM32F10x_StdPeriph_Driver/src/stm32f10x_adc.o
ADC_GetFlagStatus                                 Libraries/STM32F10x_StdPeriph_Driver/src/stm32f10x_adc.o
ADC_GetITStatus                                   Libraries/STM32F10x_StdPeriph_Driver/src/stm32f10x_adc.o
ADC_GetInjectedConversionValue                    Libraries/STM32F10x_StdPeriph_Driver/src/stm32f10x_adc.o
ADC_GetResetCalibrationStatus                     Libraries/STM32F10x_StdPeriph_Driver/src/stm32f10x_adc.o
ADC_GetSoftwareStartConvStatus                    Libraries/STM32F10x_StdPeriph_Driver/src/stm32f10x_adc.o
ADC_GetSoftwareStartInjectedConvCmdStatus         Libraries/STM32F10x_StdPeriph_Driver/src/stm32f10x_adc.o
ADC_ITConfig                                      Libraries/STM32F10x_StdPeriph_Driver/src/stm32f10x_adc.o
ADC_Init                                          Libraries/STM32F10x_StdPeriph_Driver/src/stm32f10x_adc.o
ADC_InjectedChannelConfig                         Libraries/STM32F10x_StdPeriph_Driver/src/stm32f10x_adc.o
ADC_InjectedDiscModeCmd                           Libraries/STM32F10x_StdPeriph_Driver/src/stm32f10x_adc.o
ADC_InjectedSequencerLengthConfig                 Libraries/STM32F10x_StdPeriph_Driver/src/stm32f10x_adc.o
ADC_RegularChannelConfig                          Libraries/STM32F10x_StdPeriph_Driver/src/stm32f10x_adc.o
ADC_ResetCalibration                              Libraries/STM32F10x_StdPeriph_Driver/src/stm32f10x_adc.o
ADC_SetInjectedOffset                             Libraries/STM32F10x_StdPeriph_Driver/src/stm32f10x_adc.o
ADC_SoftwareStartConvCmd                          Libraries/STM32F10x_StdPeriph_Driver/src/stm32f10x_adc.o
ADC_SoftwareStartInjectedConvCmd                  Libraries/STM32F10x_StdPeriph_Driver/src/stm32f10x_adc.o
ADC_StartCalibration                              Libraries/STM32F10x_StdPeriph_Driver/src/stm32f10x_adc.o
ADC_StructInit                                    Libraries/STM32F10x_StdPeriph_Driver/src/stm32f10x_adc.o
ADC_TempSensorVrefintCmd                          Libraries/STM32F10x_StdPeriph_Driver/src/stm32f10x_adc.o
AHBPrescTable                                     src/system_stm32f10x.o
BKP_ClearFlag                                     Libraries/STM32F10x_StdPeriph_Driver/src/stm32f10x_bkp.o
BKP_ClearITPendingBit                             Libraries/STM32F10x_StdPeriph_Driver/src/stm32f10x_bkp.o
BKP_DeInit                                        Libraries/STM32F10x_StdPeriph_Driver/src/stm32f10x_bkp.o
BKP_GetFlagStatus                                 Libraries/STM32F10x_StdPeriph_Driver/src/stm32f10x_bkp.o
BKP_GetITStatus                                   Libraries/STM32F10x_StdPeriph_Driver/src/stm32f10x_bkp.o
BKP_ITConfig                                      Libraries/STM32F10x_StdPeriph_Driver/src/stm32f10x_bkp.o
BKP_RTCOutputConfig                               Libraries/STM32F10x_StdPeriph_Driver/src/stm32f10x_bkp.o
BKP_ReadBackupRegister                            Libraries/STM32F10x_StdPeriph_Driver/src/stm32f10x_bkp.o
BKP_SetRTCCalibrationValue                        Libraries/STM32F10x_StdPeriph_Driver/src/stm32f10x_bkp.o
BKP_TamperPinCmd                                  Libraries/STM32F10x_StdPeriph_Driver/src/stm32f10x_bkp.o
BKP_TamperPinLevelConfig                          Libraries/STM32F10x_StdPeriph_Driver/src/stm32f10x_bkp.o
BKP_WriteBackupRegister                           Libraries/STM32F10x_StdPeriph_Driver/src/stm32f10x_bkp.o
BusFault_Handler                                  src/stm32f1xx_it.o
                                                  src/startup_stm32f10x_md.o
CAN1_RX1_IRQHandler                               src/startup_stm32f10x_md.o
CAN1_SCE_IRQHandler                               src/startup_stm32f10x_md.o
CAN_CancelTransmit                                Libraries/STM32F10x_StdPeriph_Driver/src/stm32f10x_can.o
CAN_ClearFlag                                     Libraries/STM32F10x_StdPeriph_Driver/src/stm32f10x_can.o
CAN_ClearITPendingBit                             Libraries/STM32F10x_StdPeriph_Driver/src/stm32f10x_can.o
CAN_DBGFreeze                                     Libraries/STM32F10x_StdPeriph_Driver/src/stm32f10x_can.o
CAN_DeInit                                        Libraries/STM32F10x_StdPeriph_Driver/src/stm32f10x_can.o
CAN_FIFORelease                                   Libraries/STM32F10x_StdPeriph_Driver/src/stm32f10x_can.o
CAN_FilterInit                                    Libraries/STM32F10x_StdPeriph_Driver/src/stm32f10x_can.o
CAN_GetFlagStatus                                 Libraries/STM32F10x_StdPeriph_Driver/src/stm32f10x_can.o
CAN_GetITStatus                                   Libraries/STM32F10x_StdPeriph_Driver/src/stm32f10x_can.o
CAN_GetLSBTransmitErrorCounter                    Libraries/STM32F10x_StdPeriph_Driver/src/stm32f10x_can.o
CAN_GetLastErrorCode                              Libraries/STM32F10x_StdPeriph_Driver/src/stm32f10x_can.o
CAN_GetReceiveErrorCounter                        Libraries/STM32F10x_StdPeriph_Driver/src/stm32f10x_can.o
CAN_ITConfig                                      Libraries/STM32F10x_StdPeriph_Driver/src/stm32f10x_can.o
CAN_Init                                          Libraries/STM32F10x_StdPeriph_Driver/src/stm32f10x_can.o
CAN_MessagePending                                Libraries/STM32F10x_StdPeriph_Driver/src/stm32f10x_can.o
CAN_OperatingModeRequest                          Libraries/STM32F10x_StdPeriph_Driver/src/stm32f10x_can.o
CAN_Receive                                       Libraries/STM32F10x_StdPeriph_Driver/src/stm32f10x_can.o
CAN_SlaveStartBank                                Libraries/STM32F10x_StdPeriph_Driver/src/stm32f10x_can.o
CAN_Sleep                                         Libraries/STM32F10x_StdPeriph_Driver/src/stm32f10x_can.o
CAN_StructInit                                    Libraries/STM32F10x_StdPeriph_Driver/src/stm32f10x_can.o
CAN_TTComModeCmd                                  Libraries/STM32F10x_StdPeriph_Driver/src/stm32f10x_can.o
CAN_Transmit                                      Libraries/STM32F10x_StdPeriph_Driver/src/stm32f10x_can.o
CAN_TransmitStatus                                Libraries/STM32F10x_StdPeriph_Driver/src/stm32f10x_can.o
CAN_WakeUp                                        Libraries/STM32F10x_StdPeriph_Driver/src/stm32f10x_can.o
CEC_ClearFlag                                     Libraries/STM32F10x_StdPeriph_Driver/src/stm32f10x_cec.o
CEC_ClearITPendingBit                             Libraries/STM32F10x_StdPeriph_Driver/src/stm32f10x_cec.o
CEC_Cmd                                           Libraries/STM32F10x_StdPeriph_Driver/src/stm32f10x_cec.o
CEC_DeInit                                        Libraries/STM32F10x_StdPeriph_Driver/src/stm32f10x_cec.o
CEC_EndOfMessageCmd                               Libraries/STM32F10x_StdPeriph_Driver/src/stm32f10x_cec.o
CEC_GetFlagStatus                                 Libraries/STM32F10x_StdPeriph_Driver/src/stm32f10x_cec.o
CEC_GetITStatus                                   Libraries/STM32F10x_StdPeriph_Driver/src/stm32f10x_cec.o
CEC_ITConfig                                      Libraries/STM32F10x_StdPeriph_Driver/src/stm32f10x_cec.o
CEC_Init                                          Libraries/STM32F10x_StdPeriph_Driver/src/stm32f10x_cec.o
CEC_OwnAddressConfig                              Libraries/STM32F10x_StdPeriph_Driver/src/stm32f10x_cec.o
CEC_ReceiveDataByte                               Libraries/STM32F10x_StdPeriph_Driver/src/stm32f10x_cec.o
CEC_SendDataByte                                  Libraries/STM32F10x_StdPeriph_Driver/src/stm32f10x_cec.o
CEC_SetPrescaler                                  Libraries/STM32F10x_StdPeriph_Driver/src/stm32f10x_cec.o
CEC_StartOfMessage                                Libraries/STM32F10x_StdPeriph_Driver/src/stm32f10x_cec.o
CRC_CalcBlockCRC                                  Libraries/STM32F10x_StdPeriph_Driver/src/stm32f10x_crc.o
CRC_CalcCRC                                       Libraries/STM32F10x_StdPeriph_Driver/src/stm32f10x_crc.o
CRC_GetCRC                                        Libraries/STM32F10x_StdPeriph_Driver/src/stm32f10x_crc.o
CRC_GetIDRegister                                 Libraries/STM32F10x_StdPeriph_Driver/src/stm32f10x_crc.o
CRC_ResetDR                                       Libraries/STM32F10x_StdPeriph_Driver/src/stm32f10x_crc.o
CRC_SetIDRegister                                 Libraries/STM32F10x_StdPeriph_Driver/src/stm32f10x_crc.o
DAC_Cmd                                           Libraries/STM32F10x_StdPeriph_Driver/src/stm32f10x_dac.o
DAC_DMACmd                                        Libraries/STM32F10x_StdPeriph_Driver/src/stm32f10x_dac.o
DAC_DeInit                                        Libraries/STM32F10x_StdPeriph_Driver/src/stm32f10x_dac.o
DAC_DualSoftwareTriggerCmd                        Libraries/STM32F10x_StdPeriph_Driver/src/stm32f10x_dac.o
DAC_GetDataOutputValue                            Libraries/STM32F10x_StdPeriph_Driver/src/stm32f10x_dac.o
DAC_Init                                          Libraries/STM32F10x_StdPeriph_Driver/src/stm32f10x_dac.o
DAC_SetChannel1Data                               Libraries/STM32F10x_StdPeriph_Driver/src/stm32f10x_dac.o
DAC_SetChannel2Data                               Libraries/STM32F10x_StdPeriph_Driver/src/stm32f10x_dac.o
DAC_SetDualChannelData                            Libraries/STM32F10x_StdPeriph_Driver/src/stm32f10x_dac.o
DAC_SoftwareTriggerCmd                            Libraries/STM32F10x_StdPeriph_Driver/src/stm32f10x_dac.o
DAC_StructInit                                    Libraries/STM32F10x_StdPeriph_Driver/src/stm32f10x_dac.o
DAC_WaveGenerationCmd                             Libraries/STM32F10x_StdPeriph_Driver/src/stm32f10x_dac.o
DBGMCU_Config                                     Libraries/STM32F10x_StdPeriph_Driver/src/stm32f10x_dbgmcu.o
DBGMCU_GetDEVID                                   Libraries/STM32F10x_StdPeriph_Driver/src/stm32f10x_dbgmcu.o
DBGMCU_GetREVID                                   Libraries/STM32F10x_StdPeriph_Driver/src/stm32f10x_dbgmcu.o
DMA1_Channel1_IRQHandler                          src/startup_stm32f10x_md.o
DMA1_Channel2_IRQHandler                          src/startup_stm32f10x_md.o
DMA1_Channel3_IRQHandler                          src/startup_stm32f10x_md.o
DMA1_Channel4_IRQHandler                          src/startup_stm32f10x_md.o
DMA1_Channel5_IRQHandler                          src/startup_stm32f10x_md.o
DMA1_Channel6_IRQHandler                          src/startup_stm32f10x_md.o
DMA1_Channel7_IRQHandler                          src/startup_stm32f10x_md.o
DMA_ClearFlag                                     Libraries/STM32F10x_StdPeriph_Driver/src/stm32f10x_dma.o
DMA_ClearITPendingBit                             Libraries/STM32F10x_StdPeriph_Driver/src/stm32f10x_dma.o
DMA_Cmd                                           Libraries/STM32F10x_StdPeriph_Driver/src/stm32f10x_dma.o
DMA_DeInit                                        Libraries/STM32F10x_StdPeriph_Driver/src/stm32f10x_dma.o
DMA_GetCurrDataCounter                            Libraries/STM32F10x_StdPeriph_Driver/src/stm32f10x_dma.o
DMA_GetFlagStatus                                 Libraries/STM32F10x_StdPeriph_Driver/src/stm32f10x_dma.o
DMA_GetITStatus                                   Libraries/STM32F10x_StdPeriph_Driver/src/stm32f10x_dma.o
DMA_ITConfig                                      Libraries/STM32F10x_StdPeriph_Driver/src/stm32f10x_dma.o
DMA_Init                                          Libraries/STM32F10x_StdPeriph_Driver/src/stm32f10x_dma.o
DMA_SetCurrDataCounter                            Libraries/STM32F10x_StdPeriph_Driver/src/stm32f10x_dma.o
DMA_StructInit                                    Libraries/STM32F10x_StdPeriph_Driver/src/stm32f10x_dma.o
DebugMon_Handler                                  src/stm32f1xx_it.o
                                                  src/startup_stm32f10x_md.o
Default_Handler                                   src/startup_stm32f10x_md.o
EXTI0_IRQHandler                                  src/startup_stm32f10x_md.o
EXTI15_10_IRQHandler                              src/startup_stm32f10x_md.o
EXTI1_IRQHandler                                  src/startup_stm32f10x_md.o
EXTI2_IRQHandler                                  src/startup_stm32f10x_md.o
EXTI3_IRQHandler                                  src/startup_stm32f10x_md.o
EXTI4_IRQHandler                                  src/startup_stm32f10x_md.o
EXTI9_5_IRQHandler                                src/startup_stm32f10x_md.o
EXTI_ClearFlag                                    Libraries/STM32F10x_StdPeriph_Driver/src/stm32f10x_exti.o
EXTI_ClearITPendingBit                            Libraries/STM32F10x_StdPeriph_Driver/src/stm32f10x_exti.o
EXTI_DeInit                                       Libraries/STM32F10x_StdPeriph_Driver/src/stm32f10x_exti.o
EXTI_GenerateSWInterrupt                          Libraries/STM32F10x_StdPeriph_Driver/src/stm32f10x_exti.o
EXTI_GetFlagStatus                                Libraries/STM32F10x_StdPeriph_Driver/src/stm32f10x_exti.o
EXTI_GetITStatus                                  Libraries/STM32F10x_StdPeriph_Driver/src/stm32f10x_exti.o
EXTI_Init                                         Libraries/STM32F10x_StdPeriph_Driver/src/stm32f10x_exti.o
EXTI_StructInit                                   Libraries/STM32F10x_StdPeriph_Driver/src/stm32f10x_exti.o
FLASH_ClearFlag                                   Libraries/STM32F10x_StdPeriph_Driver/src/stm32f10x_flash.o
FLASH_EnableWriteProtection                       Libraries/STM32F10x_StdPeriph_Driver/src/stm32f10x_flash.o
FLASH_EraseAllBank1Pages                          Libraries/STM32F10x_StdPeriph_Driver/src/stm32f10x_flash.o
FLASH_EraseAllPages                               Libraries/STM32F10x_StdPeriph_Driver/src/stm32f10x_flash.o
FLASH_EraseOptionBytes                            Libraries/STM32F10x_StdPeriph_Driver/src/stm32f10x_flash.o
FLASH_ErasePage                                   Libraries/STM32F10x_StdPeriph_Driver/src/stm32f10x_flash.o
FLASH_GetBank1Status                              Libraries/STM32F10x_StdPeriph_Driver/src/stm32f10x_flash.o
FLASH_GetFlagStatus                               Libraries/STM32F10x_StdPeriph_Driver/src/stm32f10x_flash.o
FLASH_GetPrefetchBufferStatus                     Libraries/STM32F10x_StdPeriph_Driver/src/stm32f10x_flash.o
FLASH_GetReadOutProtectionStatus                  Libraries/STM32F10x_StdPeriph_Driver/src/stm32f10x_flash.o
FLASH_GetStatus                                   Libraries/STM32F10x_StdPeriph_Driver/src/stm32f10x_flash.o
FLASH_GetUserOptionByte                           Libraries/STM32F10x_StdPeriph_Driver/src/stm32f10x_flash.o
FLASH_GetWriteProtectionOptionByte                Libraries/STM32F10x_StdPeriph_Driver/src/stm32f10x_flash.o
FLASH_HalfCycleAccessCmd                          Libraries/STM32F10x_StdPeriph_Driver/src/stm32f10x_flash.o
FLASH_IRQHandler                                  src/startup_stm32f10x_md.o
FLASH_ITConfig                                    Libraries/STM32F10x_StdPeriph_Driver/src/stm32f10x_flash.o
FLASH_Lock                                        Libraries/STM32F10x_StdPeriph_Driver/src/stm32f10x_flash.o
FLASH_LockBank1                                   Libraries/STM32F10x_StdPeriph_Driver/src/stm32f10x_flash.o
FLASH_PrefetchBufferCmd                           Libraries/STM32F10x_StdPeriph_Driver/src/stm32f10x_flash.o
FLASH_ProgramHalfWord                             Libraries/STM32F10x_StdPeriph_Driver/src/stm32f10x_flash.o
FLASH_ProgramOptionByteData                       Libraries/STM32F10x_StdPeriph_Driver/src/stm32f10x_flash.o
FLASH_ProgramWord                                 Libraries/STM32F10x_StdPeriph_Driver/src/stm32f10x_flash.o
FLASH_ReadOutProtection                           Libraries/STM32F10x_StdPeriph_Driver/src/stm32f10x_flash.o
FLASH_SetLatency                                  Libraries/STM32F10x_StdPeriph_Driver/src/stm32f10x_flash.o
FLASH_Unlock                                      Libraries/STM32F10x_StdPeriph_Driver/src/stm32f10x_flash.o
FLASH_UnlockBank1                                 Libraries/STM32F10x_StdPeriph_Driver/src/stm32f10x_flash.o
FLASH_UserOptionByteConfig                        Libraries/STM32F10x_StdPeriph_Driver/src/stm32f10x_flash.o
FLASH_WaitForLastBank1Operation                   Libraries/STM32F10x_StdPeriph_Driver/src/stm32f10x_flash.o
FLASH_WaitForLastOperation                        Libraries/STM32F10x_StdPeriph_Driver/src/stm32f10x_flash.o
FSMC_ClearFlag                                    Libraries/STM32F10x_StdPeriph_Driver/src/stm32f10x_fsmc.o
FSMC_ClearITPendingBit                            Libraries/STM32F10x_StdPeriph_Driver/src/stm32f10x_fsmc.o
FSMC_GetECC                                       Libraries/STM32F10x_StdPeriph_Driver/src/stm32f10x_fsmc.o
FSMC_GetFlagStatus                                Libraries/STM32F10x_StdPeriph_Driver/src/stm32f10x_fsmc.o
FSMC_GetITStatus                                  Libraries/STM32F10x_StdPeriph_Driver/src/stm32f10x_fsmc.o
FSMC_ITConfig                                     Libraries/STM32F10x_StdPeriph_Driver/src/stm32f10x_fsmc.o
FSMC_NANDCmd                                      Libraries/STM32F10x_StdPeriph_Driver/src/stm32f10x_fsmc.o
FSMC_NANDDeInit                                   Libraries/STM32F10x_StdPeriph_Driver/src/stm32f10x_fsmc.o
FSMC_NANDECCCmd                                   Libraries/STM32F10x_StdPeriph_Driver/src/stm32f10x_fsmc.o
FSMC_NANDInit                                     Libraries/STM32F10x_StdPeriph_Driver/src/stm32f10x_fsmc.o
FSMC_NANDStructInit                               Libraries/STM32F10x_StdPeriph_Driver/src/stm32f10x_fsmc.o
FSMC_NORSRAMCmd                                   Libraries/STM32F10x_StdPeriph_Driver/src/stm32f10x_fsmc.o
FSMC_NORSRAMDeInit                                Libraries/STM32F10x_StdPeriph_Driver/src/stm32f10x_fsmc.o
FSMC_NORSRAMInit                                  Libraries/STM32F10x_StdPeriph_Driver/src/stm32f10x_fsmc.o
FSMC_NORSRAMStructInit                            Libraries/STM32F10x_StdPeriph_Driver/src/stm32f10x_fsmc.o
FSMC_PCCARDCmd                                    Libraries/STM32F10x_StdPeriph_Driver/src/stm32f10x_fsmc.o
FSMC_PCCARDDeInit                                 Libraries/STM32F10x_StdPeriph_Driver/src/stm32f10x_fsmc.o
FSMC_PCCARDInit                                   Libraries/STM32F10x_StdPeriph_Driver/src/stm32f10x_fsmc.o
FSMC_PCCARDStructInit                             Libraries/STM32F10x_StdPeriph_Driver/src/stm32f10x_fsmc.o
GPIO_AFIODeInit                                   Libraries/STM32F10x_StdPeriph_Driver/src/stm32f10x_gpio.o
GPIO_DeInit                                       Libraries/STM32F10x_StdPeriph_Driver/src/stm32f10x_gpio.o
GPIO_ETH_MediaInterfaceConfig                     Libraries/STM32F10x_StdPeriph_Driver/src/stm32f10x_gpio.o
GPIO_EXTILineConfig                               Libraries/STM32F10x_StdPeriph_Driver/src/stm32f10x_gpio.o
GPIO_EventOutputCmd                               Libraries/STM32F10x_StdPeriph_Driver/src/stm32f10x_gpio.o
GPIO_EventOutputConfig                            Libraries/STM32F10x_StdPeriph_Driver/src/stm32f10x_gpio.o
GPIO_Init                                         Libraries/STM32F10x_StdPeriph_Driver/src/stm32f10x_gpio.o
GPIO_PinLockConfig                                Libraries/STM32F10x_StdPeriph_Driver/src/stm32f10x_gpio.o
GPIO_PinRemapConfig                               Libraries/STM32F10x_StdPeriph_Driver/src/stm32f10x_gpio.o
GPIO_ReadInputData                                Libraries/STM32F10x_StdPeriph_Driver/src/stm32f10x_gpio.o
GPIO_ReadInputDataBit                             Libraries/STM32F10x_StdPeriph_Driver/src/stm32f10x_gpio.o
GPIO_ReadOutputData                               Libraries/STM32F10x_StdPeriph_Driver/src/stm32f10x_gpio.o
GPIO_ReadOutputDataBit                            Libraries/STM32F10x_StdPeriph_Driver/src/stm32f10x_gpio.o
GPIO_ResetBits                                    Libraries/STM32F10x_StdPeriph_Driver/src/stm32f10x_gpio.o
GPIO_SetBits                                      Libraries/STM32F10x_StdPeriph_Driver/src/stm32f10x_gpio.o
GPIO_StructInit                                   Libraries/STM32F10x_StdPeriph_Driver/src/stm32f10x_gpio.o
GPIO_Write                                        Libraries/STM32F10x_StdPeriph_Driver/src/stm32f10x_gpio.o
GPIO_WriteBit                                     Libraries/STM32F10x_StdPeriph_Driver/src/stm32f10x_gpio.o
HardFault_Handler                                 src/stm32f1xx_it.o
                                                  src/startup_stm32f10x_md.o
I2C1_ER_IRQHandler                                src/startup_stm32f10x_md.o
I2C1_EV_IRQHandler                                src/startup_stm32f10x_md.o
I2C2_ER_IRQHandler                                src/startup_stm32f10x_md.o
I2C2_EV_IRQHandler                                src/startup_stm32f10x_md.o
I2C_ARPCmd                                        Libraries/STM32F10x_StdPeriph_Driver/src/stm32f10x_i2c.o
I2C_AcknowledgeConfig                             Libraries/STM32F10x_StdPeriph_Driver/src/stm32f10x_i2c.o
I2C_CalculatePEC                                  Libraries/STM32F10x_StdPeriph_Driver/src/stm32f10x_i2c.o
I2C_CheckEvent                                    Libraries/STM32F10x_StdPeriph_Driver/src/stm32f10x_i2c.o
I2C_ClearFlag                                     Libraries/STM32F10x_StdPeriph_Driver/src/stm32f10x_i2c.o
I2C_ClearITPendingBit                             Libraries/STM32F10x_StdPeriph_Driver/src/stm32f10x_i2c.o
I2C_Cmd                                           Libraries/STM32F10x_StdPeriph_Driver/src/stm32f10x_i2c.o
I2C_DMACmd                                        Libraries/STM32F10x_StdPeriph_Driver/src/stm32f10x_i2c.o
I2C_DMALastTransferCmd                            Libraries/STM32F10x_StdPeriph_Driver/src/stm32f10x_i2c.o
I2C_DeInit                                        Libraries/STM32F10x_StdPeriph_Driver/src/stm32f10x_i2c.o
I2C_DualAddressCmd                                Libraries/STM32F10x_StdPeriph_Driver/src/stm32f10x_i2c.o
I2C_FastModeDutyCycleConfig                       Libraries/STM32F10x_StdPeriph_Driver/src/stm32f10x_i2c.o
I2C_GeneralCallCmd                                Libraries/STM32F10x_StdPeriph_Driver/src/stm32f10x_i2c.o
I2C_GenerateSTART                                 Libraries/STM32F10x_StdPeriph_Driver/src/stm32f10x_i2c.o
I2C_GenerateSTOP                                  Libraries/STM32F10x_StdPeriph_Driver/src/stm32f10x_i2c.o
I2C_GetFlagStatus                                 Libraries/STM32F10x_StdPeriph_Driver/src/stm32f10x_i2c.o
I2C_GetITStatus                                   Libraries/STM32F10x_StdPeriph_Driver/src/stm32f10x_i2c.o
I2C_GetLastEvent                                  Libraries/STM32F10x_StdPeriph_Driver/src/stm32f10x_i2c.o
I2C_GetPEC                                        Libraries/STM32F10x_StdPeriph_Driver/src/stm32f10x_i2c.o
I2C_ITConfig                                      Libraries/STM32F10x_StdPeriph_Driver/src/stm32f10x_i2c.o
I2C_Init                                          Libraries/STM32F10x_StdPeriph_Driver/src/stm32f10x_i2c.o
I2C_NACKPositionConfig                            Libraries/STM32F10x_StdPeriph_Driver/src/stm32f10x_i2c.o
I2C_OwnAddress2Config                             Libraries/STM32F10x_StdPeriph_Driver/src/stm32f10x_i2c.o
I2C_PECPositionConfig                             Libraries/STM32F10x_StdPeriph_Driver/src/stm32f10x_i2c.o
I2C_ReadRegister                                  Libraries/STM32F10x_StdPeriph_Driver/src/stm32f10x_i2c.o
I2C_ReceiveData                                   Libraries/STM32F10x_StdPeriph_Driver/src/stm32f10x_i2c.o
I2C_SMBusAlertConfig                              Libraries/STM32F10x_StdPeriph_Driver/src/stm32f10x_i2c.o
I2C_Send7bitAddress                               Libraries/STM32F10x_StdPeriph_Driver/src/stm32f10x_i2c.o
I2C_SendData                                      Libraries/STM32F10x_StdPeriph_Driver/src/stm32f10x_i2c.o
I2C_SoftwareResetCmd                              Libraries/STM32F10x_StdPeriph_Driver/src/stm32f10x_i2c.o
I2C_StretchClockCmd                               Libraries/STM32F10x_StdPeriph_Driver/src/stm32f10x_i2c.o
I2C_StructInit                                    Libraries/STM32F10x_StdPeriph_Driver/src/stm32f10x_i2c.o
I2C_TransmitPEC                                   Libraries/STM32F10x_StdPeriph_Driver/src/stm32f10x_i2c.o
I2S_Cmd                                           Libraries/STM32F10x_StdPeriph_Driver/src/stm32f10x_spi.o
I2S_Init                                          Libraries/STM32F10x_StdPeriph_Driver/src/stm32f10x_spi.o
I2S_StructInit                                    Libraries/STM32F10x_StdPeriph_Driver/src/stm32f10x_spi.o
IWDG_Enable                                       Libraries/STM32F10x_StdPeriph_Driver/src/stm32f10x_iwdg.o
IWDG_GetFlagStatus                                Libraries/STM32F10x_StdPeriph_Driver/src/stm32f10x_iwdg.o
IWDG_ReloadCounter                                Libraries/STM32F10x_StdPeriph_Driver/src/stm32f10x_iwdg.o
IWDG_SetPrescaler                                 Libraries/STM32F10x_StdPeriph_Driver/src/stm32f10x_iwdg.o
IWDG_SetReload                                    Libraries/STM32F10x_StdPeriph_Driver/src/stm32f10x_iwdg.o
IWDG_WriteAccessCmd                               Libraries/STM32F10x_StdPeriph_Driver/src/stm32f10x_iwdg.o
MemManage_Handler                                 src/stm32f1xx_it.o
                                                  src/startup_stm32f10x_md.o
MqttClient_Connect                                src/mqtt_client.o
                                                  src/main.o
MqttClient_Disconnect                             src/mqtt_client.o
MqttClient_Init                                   src/mqtt_client.o
                                                  src/main.o
MqttClient_NetConnect                             src/mqtt_client.o
MqttClient_NetDisconnect                          src/mqtt_client.o
MqttClient_Ping                                   src/mqtt_client.o
MqttClient_Publish                                src/mqtt_client.o
MqttClient_ReturnCodeToString                     src/mqtt_client.o
MqttClient_Subscribe                              src/mqtt_client.o
MqttClient_Unsubscribe                            src/mqtt_client.o
MqttClient_WaitMessage                            src/mqtt_client.o
MqttDecode_ConnectAck                             src/mqtt_packet.o
                                                  src/mqtt_client.o
MqttDecode_Num                                    src/mqtt_packet.o
MqttDecode_Ping                                   src/mqtt_packet.o
                                                  src/mqtt_client.o
MqttDecode_Publish                                src/mqtt_packet.o
                                                  src/mqtt_client.o
MqttDecode_PublishResp                            src/mqtt_packet.o
                                                  src/mqtt_client.o
MqttDecode_RemainLen                              src/mqtt_packet.o
MqttDecode_String                                 src/mqtt_packet.o
MqttDecode_SubscribeAck                           src/mqtt_packet.o
                                                  src/mqtt_client.o
MqttDecode_UnsubscribeAck                         src/mqtt_packet.o
                                                  src/mqtt_client.o
MqttEncode_Connect                                src/mqtt_packet.o
                                                  src/mqtt_client.o
                                                  src/main.o
MqttEncode_Data                                   src/mqtt_packet.o
MqttEncode_Disconnect                             src/mqtt_packet.o
                                                  src/mqtt_client.o
MqttEncode_Num                                    src/mqtt_packet.o
MqttEncode_Ping                                   src/mqtt_packet.o
                                                  src/mqtt_client.o
MqttEncode_Publish                                src/mqtt_packet.o
                                                  src/mqtt_client.o
                                                  src/main.o
MqttEncode_PublishResp                            src/mqtt_packet.o
                                                  src/mqtt_client.o
MqttEncode_RemainLen                              src/mqtt_packet.o
MqttEncode_String                                 src/mqtt_packet.o
MqttEncode_Subscribe                              src/mqtt_packet.o
                                                  src/mqtt_client.o
                                                  src/main.o
MqttEncode_Unsubscribe                            src/mqtt_packet.o
                                                  src/mqtt_client.o
MqttPacket_Read                                   src/mqtt_packet.o
                                                  src/mqtt_client.o
MqttPacket_Write                                  src/mqtt_packet.o
                                                  src/mqtt_client.o
MqttSocket_Connect                                src/mqtt_socket.o
                                                  src/mqtt_client.o
MqttSocket_Disconnect                             src/mqtt_socket.o
                                                  src/mqtt_client.o
MqttSocket_Init                                   src/mqtt_socket.o
                                                  src/mqtt_client.o
MqttSocket_Read                                   src/mqtt_socket.o
                                                  src/mqtt_packet.o
                                                  src/mqtt_client.o
MqttSocket_Write                                  src/mqtt_socket.o
                                                  src/mqtt_packet.o
NMI_Handler                                       src/stm32f1xx_it.o
                                                  src/startup_stm32f10x_md.o
NVIC_Init                                         Libraries/STM32F10x_StdPeriph_Driver/src/misc.o
NVIC_PriorityGroupConfig                          Libraries/STM32F10x_StdPeriph_Driver/src/misc.o
NVIC_SetVectorTable                               Libraries/STM32F10x_StdPeriph_Driver/src/misc.o
NVIC_SystemLPConfig                               Libraries/STM32F10x_StdPeriph_Driver/src/misc.o
PVD_IRQHandler                                    src/startup_stm32f10x_md.o
PWR_BackupAccessCmd                               Libraries/STM32F10x_StdPeriph_Driver/src/stm32f10x_pwr.o
PWR_ClearFlag                                     Libraries/STM32F10x_StdPeriph_Driver/src/stm32f10x_pwr.o
PWR_DeInit                                        Libraries/STM32F10x_StdPeriph_Driver/src/stm32f10x_pwr.o
PWR_EnterSTANDBYMode                              Libraries/STM32F10x_StdPeriph_Driver/src/stm32f10x_pwr.o
PWR_EnterSTOPMode                                 Libraries/STM32F10x_StdPeriph_Driver/src/stm32f10x_pwr.o
PWR_GetFlagStatus                                 Libraries/STM32F10x_StdPeriph_Driver/src/stm32f10x_pwr.o
PWR_PVDCmd                                        Libraries/STM32F10x_StdPeriph_Driver/src/stm32f10x_pwr.o
PWR_PVDLevelConfig                                Libraries/STM32F10x_StdPeriph_Driver/src/stm32f10x_pwr.o
PWR_WakeUpPinCmd                                  Libraries/STM32F10x_StdPeriph_Driver/src/stm32f10x_pwr.o
PendSV_Handler                                    src/stm32f1xx_it.o
                                                  src/startup_stm32f10x_md.o
RCC_ADCCLKConfig                                  Libraries/STM32F10x_StdPeriph_Driver/src/stm32f10x_rcc.o
RCC_AHBPeriphClockCmd                             Libraries/STM32F10x_StdPeriph_Driver/src/stm32f10x_rcc.o
RCC_APB1PeriphClockCmd                            Libraries/STM32F10x_StdPeriph_Driver/src/stm32f10x_rcc.o
RCC_APB1PeriphResetCmd                            Libraries/STM32F10x_StdPeriph_Driver/src/stm32f10x_rcc.o
                                                  Libraries/STM32F10x_StdPeriph_Driver/src/stm32f10x_wwdg.o
                                                  Libraries/STM32F10x_StdPeriph_Driver/src/stm32f10x_usart.o
                                                  Libraries/STM32F10x_StdPeriph_Driver/src/stm32f10x_tim.o
                                                  Libraries/STM32F10x_StdPeriph_Driver/src/stm32f10x_spi.o
                                                  Libraries/STM32F10x_StdPeriph_Driver/src/stm32f10x_pwr.o
                                                  Libraries/STM32F10x_StdPeriph_Driver/src/stm32f10x_i2c.o
                                                  Libraries/STM32F10x_StdPeriph_Driver/src/stm32f10x_dac.o
                                                  Libraries/STM32F10x_StdPeriph_Driver/src/stm32f10x_cec.o
                                                  Libraries/STM32F10x_StdPeriph_Driver/src/stm32f10x_can.o
RCC_APB2PeriphClockCmd                            Libraries/STM32F10x_StdPeriph_Driver/src/stm32f10x_rcc.o
RCC_APB2PeriphResetCmd                            Libraries/STM32F10x_StdPeriph_Driver/src/stm32f10x_rcc.o
                                                  Libraries/STM32F10x_StdPeriph_Driver/src/stm32f10x_usart.o
                                                  Libraries/STM32F10x_StdPeriph_Driver/src/stm32f10x_tim.o
                                                  Libraries/STM32F10x_StdPeriph_Driver/src/stm32f10x_spi.o
                                                  Libraries/STM32F10x_StdPeriph_Driver/src/stm32f10x_gpio.o
                                                  Libraries/STM32F10x_StdPeriph_Driver/src/stm32f10x_adc.o
RCC_AdjustHSICalibrationValue                     Libraries/STM32F10x_StdPeriph_Driver/src/stm32f10x_rcc.o
RCC_BackupResetCmd                                Libraries/STM32F10x_StdPeriph_Driver/src/stm32f10x_rcc.o
                                                  Libraries/STM32F10x_StdPeriph_Driver/src/stm32f10x_bkp.o
RCC_ClearFlag                                     Libraries/STM32F10x_StdPeriph_Driver/src/stm32f10x_rcc.o
RCC_ClearITPendingBit                             Libraries/STM32F10x_StdPeriph_Driver/src/stm32f10x_rcc.o
RCC_ClockSecuritySystemCmd                        Libraries/STM32F10x_StdPeriph_Driver/src/stm32f10x_rcc.o
RCC_DeInit                                        Libraries/STM32F10x_StdPeriph_Driver/src/stm32f10x_rcc.o
RCC_GetClocksFreq                                 Libraries/STM32F10x_StdPeriph_Driver/src/stm32f10x_rcc.o
                                                  Libraries/STM32F10x_StdPeriph_Driver/src/stm32f10x_usart.o
                                                  Libraries/STM32F10x_StdPeriph_Driver/src/stm32f10x_spi.o
                                                  Libraries/STM32F10x_StdPeriph_Driver/src/stm32f10x_i2c.o
RCC_GetFlagStatus                                 Libraries/STM32F10x_StdPeriph_Driver/src/stm32f10x_rcc.o
RCC_GetITStatus                                   Libraries/STM32F10x_StdPeriph_Driver/src/stm32f10x_rcc.o
RCC_GetSYSCLKSource                               Libraries/STM32F10x_StdPeriph_Driver/src/stm32f10x_rcc.o
RCC_HCLKConfig                                    Libraries/STM32F10x_StdPeriph_Driver/src/stm32f10x_rcc.o
RCC_HSEConfig                                     Libraries/STM32F10x_StdPeriph_Driver/src/stm32f10x_rcc.o
RCC_HSICmd                                        Libraries/STM32F10x_StdPeriph_Driver/src/stm32f10x_rcc.o
RCC_IRQHandler                                    src/startup_stm32f10x_md.o
RCC_ITConfig                                      Libraries/STM32F10x_StdPeriph_Driver/src/stm32f10x_rcc.o
RCC_LSEConfig                                     Libraries/STM32F10x_StdPeriph_Driver/src/stm32f10x_rcc.o
RCC_LSICmd                                        Libraries/STM32F10x_StdPeriph_Driver/src/stm32f10x_rcc.o
RCC_MCOConfig                                     Libraries/STM32F10x_StdPeriph_Driver/src/stm32f10x_rcc.o
RCC_PCLK1Config                                   Libraries/STM32F10x_StdPeriph_Driver/src/stm32f10x_rcc.o
RCC_PCLK2Config                                   Libraries/STM32F10x_StdPeriph_Driver/src/stm32f10x_rcc.o
RCC_PLLCmd                                        Libraries/STM32F10x_StdPeriph_Driver/src/stm32f10x_rcc.o
RCC_PLLConfig                                     Libraries/STM32F10x_StdPeriph_Driver/src/stm32f10x_rcc.o
RCC_RTCCLKCmd                                     Libraries/STM32F10x_StdPeriph_Driver/src/stm32f10x_rcc.o
RCC_RTCCLKConfig                                  Libraries/STM32F10x_StdPeriph_Driver/src/stm32f10x_rcc.o
RCC_SYSCLKConfig                                  Libraries/STM32F10x_StdPeriph_Driver/src/stm32f10x_rcc.o
RCC_USBCLKConfig                                  Libraries/STM32F10x_StdPeriph_Driver/src/stm32f10x_rcc.o
RCC_WaitForHSEStartUp                             Libraries/STM32F10x_StdPeriph_Driver/src/stm32f10x_rcc.o
RTCAlarm_IRQHandler                               src/startup_stm32f10x_md.o
RTC_ClearFlag                                     Libraries/STM32F10x_StdPeriph_Driver/src/stm32f10x_rtc.o
RTC_ClearITPendingBit                             Libraries/STM32F10x_StdPeriph_Driver/src/stm32f10x_rtc.o
RTC_EnterConfigMode                               Libraries/STM32F10x_StdPeriph_Driver/src/stm32f10x_rtc.o
RTC_ExitConfigMode                                Libraries/STM32F10x_StdPeriph_Driver/src/stm32f10x_rtc.o
RTC_GetCounter                                    Libraries/STM32F10x_StdPeriph_Driver/src/stm32f10x_rtc.o
RTC_GetDivider                                    Libraries/STM32F10x_StdPeriph_Driver/src/stm32f10x_rtc.o
RTC_GetFlagStatus                                 Libraries/STM32F10x_StdPeriph_Driver/src/stm32f10x_rtc.o
RTC_GetITStatus                                   Libraries/STM32F10x_StdPeriph_Driver/src/stm32f10x_rtc.o
RTC_IRQHandler                                    src/startup_stm32f10x_md.o
RTC_ITConfig                                      Libraries/STM32F10x_StdPeriph_Driver/src/stm32f10x_rtc.o
RTC_SetAlarm                                      Libraries/STM32F10x_StdPeriph_Driver/src/stm32f10x_rtc.o
RTC_SetCounter                                    Libraries/STM32F10x_StdPeriph_Driver/src/stm32f10x_rtc.o
RTC_SetPrescaler                                  Libraries/STM32F10x_StdPeriph_Driver/src/stm32f10x_rtc.o
RTC_WaitForLastTask                               Libraries/STM32F10x_StdPeriph_Driver/src/stm32f10x_rtc.o
RTC_WaitForSynchro                                Libraries/STM32F10x_StdPeriph_Driver/src/stm32f10x_rtc.o
Reset_Handler                                     src/startup_stm32f10x_md.o
SDIO_CEATAITCmd                                   Libraries/STM32F10x_StdPeriph_Driver/src/stm32f10x_sdio.o
SDIO_ClearFlag                                    Libraries/STM32F10x_StdPeriph_Driver/src/stm32f10x_sdio.o
SDIO_ClearITPendingBit                            Libraries/STM32F10x_StdPeriph_Driver/src/stm32f10x_sdio.o
SDIO_ClockCmd                                     Libraries/STM32F10x_StdPeriph_Driver/src/stm32f10x_sdio.o
SDIO_CmdStructInit                                Libraries/STM32F10x_StdPeriph_Driver/src/stm32f10x_sdio.o
SDIO_CommandCompletionCmd                         Libraries/STM32F10x_StdPeriph_Driver/src/stm32f10x_sdio.o
SDIO_DMACmd                                       Libraries/STM32F10x_StdPeriph_Driver/src/stm32f10x_sdio.o
SDIO_DataConfig                                   Libraries/STM32F10x_StdPeriph_Driver/src/stm32f10x_sdio.o
SDIO_DataStructInit                               Libraries/STM32F10x_StdPeriph_Driver/src/stm32f10x_sdio.o
SDIO_DeInit                                       Libraries/STM32F10x_StdPeriph_Driver/src/stm32f10x_sdio.o
SDIO_GetCommandResponse                           Libraries/STM32F10x_StdPeriph_Driver/src/stm32f10x_sdio.o
SDIO_GetDataCounter                               Libraries/STM32F10x_StdPeriph_Driver/src/stm32f10x_sdio.o
SDIO_GetFIFOCount                                 Libraries/STM32F10x_StdPeriph_Driver/src/stm32f10x_sdio.o
SDIO_GetFlagStatus                                Libraries/STM32F10x_StdPeriph_Driver/src/stm32f10x_sdio.o
SDIO_GetITStatus                                  Libraries/STM32F10x_StdPeriph_Driver/src/stm32f10x_sdio.o
SDIO_GetPowerState                                Libraries/STM32F10x_StdPeriph_Driver/src/stm32f10x_sdio.o
SDIO_GetResponse                                  Libraries/STM32F10x_StdPeriph_Driver/src/stm32f10x_sdio.o
SDIO_ITConfig                                     Libraries/STM32F10x_StdPeriph_Driver/src/stm32f10x_sdio.o
SDIO_Init                                         Libraries/STM32F10x_StdPeriph_Driver/src/stm32f10x_sdio.o
SDIO_ReadData                                     Libraries/STM32F10x_StdPeriph_Driver/src/stm32f10x_sdio.o
SDIO_SendCEATACmd                                 Libraries/STM32F10x_StdPeriph_Driver/src/stm32f10x_sdio.o
SDIO_SendCommand                                  Libraries/STM32F10x_StdPeriph_Driver/src/stm32f10x_sdio.o
SDIO_SendSDIOSuspendCmd                           Libraries/STM32F10x_StdPeriph_Driver/src/stm32f10x_sdio.o
SDIO_SetPowerState                                Libraries/STM32F10x_StdPeriph_Driver/src/stm32f10x_sdio.o
SDIO_SetSDIOOperation                             Libraries/STM32F10x_StdPeriph_Driver/src/stm32f10x_sdio.o
SDIO_SetSDIOReadWaitMode                          Libraries/STM32F10x_StdPeriph_Driver/src/stm32f10x_sdio.o
SDIO_StartSDIOReadWait                            Libraries/STM32F10x_StdPeriph_Driver/src/stm32f10x_sdio.o
SDIO_StopSDIOReadWait                             Libraries/STM32F10x_StdPeriph_Driver/src/stm32f10x_sdio.o
SDIO_StructInit                                   Libraries/STM32F10x_StdPeriph_Driver/src/stm32f10x_sdio.o
SDIO_WriteData                                    Libraries/STM32F10x_StdPeriph_Driver/src/stm32f10x_sdio.o
SPI1_IRQHandler                                   src/startup_stm32f10x_md.o
SPI2_IRQHandler                                   src/startup_stm32f10x_md.o
SPI_BiDirectionalLineConfig                       Libraries/STM32F10x_StdPeriph_Driver/src/stm32f10x_spi.o
SPI_CalculateCRC                                  Libraries/STM32F10x_StdPeriph_Driver/src/stm32f10x_spi.o
SPI_Cmd                                           Libraries/STM32F10x_StdPeriph_Driver/src/stm32f10x_spi.o
SPI_DataSizeConfig                                Libraries/STM32F10x_StdPeriph_Driver/src/stm32f10x_spi.o
SPI_GetCRC                                        Libraries/STM32F10x_StdPeriph_Driver/src/stm32f10x_spi.o
SPI_GetCRCPolynomial                              Libraries/STM32F10x_StdPeriph_Driver/src/stm32f10x_spi.o
SPI_I2S_ClearFlag                                 Libraries/STM32F10x_StdPeriph_Driver/src/stm32f10x_spi.o
SPI_I2S_ClearITPendingBit                         Libraries/STM32F10x_StdPeriph_Driver/src/stm32f10x_spi.o
SPI_I2S_DMACmd                                    Libraries/STM32F10x_StdPeriph_Driver/src/stm32f10x_spi.o
SPI_I2S_DeInit                                    Libraries/STM32F10x_StdPeriph_Driver/src/stm32f10x_spi.o
SPI_I2S_GetFlagStatus                             Libraries/STM32F10x_StdPeriph_Driver/src/stm32f10x_spi.o
SPI_I2S_GetITStatus                               Libraries/STM32F10x_StdPeriph_Driver/src/stm32f10x_spi.o
SPI_I2S_ITConfig                                  Libraries/STM32F10x_StdPeriph_Driver/src/stm32f10x_spi.o
SPI_I2S_ReceiveData                               Libraries/STM32F10x_StdPeriph_Driver/src/stm32f10x_spi.o
SPI_I2S_SendData                                  Libraries/STM32F10x_StdPeriph_Driver/src/stm32f10x_spi.o
SPI_Init                                          Libraries/STM32F10x_StdPeriph_Driver/src/stm32f10x_spi.o
SPI_NSSInternalSoftwareConfig                     Libraries/STM32F10x_StdPeriph_Driver/src/stm32f10x_spi.o
SPI_SSOutputCmd                                   Libraries/STM32F10x_StdPeriph_Driver/src/stm32f10x_spi.o
SPI_StructInit                                    Libraries/STM32F10x_StdPeriph_Driver/src/stm32f10x_spi.o
SPI_TransmitCRC                                   Libraries/STM32F10x_StdPeriph_Driver/src/stm32f10x_spi.o
SVC_Handler                                       src/stm32f1xx_it.o
                                                  src/startup_stm32f10x_md.o
SysTick_CLKSourceConfig                           Libraries/STM32F10x_StdPeriph_Driver/src/misc.o
SysTick_Handler                                   src/stm32f1xx_it.o
                                                  src/startup_stm32f10x_md.o
SystemCoreClock                                   src/system_stm32f10x.o
SystemCoreClockUpdate                             src/system_stm32f10x.o
SystemInit                                        src/system_stm32f10x.o
                                                  src/startup_stm32f10x_md.o
TAMPER_IRQHandler                                 src/startup_stm32f10x_md.o
TIM1_BRK_IRQHandler                               src/startup_stm32f10x_md.o
TIM1_CC_IRQHandler                                src/startup_stm32f10x_md.o
TIM1_TRG_COM_IRQHandler                           src/startup_stm32f10x_md.o
TIM1_UP_IRQHandler                                src/startup_stm32f10x_md.o
TIM2_IRQHandler                                   src/startup_stm32f10x_md.o
TIM3_IRQHandler                                   src/startup_stm32f10x_md.o
TIM4_IRQHandler                                   src/startup_stm32f10x_md.o
TIM_ARRPreloadConfig                              Libraries/STM32F10x_StdPeriph_Driver/src/stm32f10x_tim.o
TIM_BDTRConfig                                    Libraries/STM32F10x_StdPeriph_Driver/src/stm32f10x_tim.o
TIM_BDTRStructInit                                Libraries/STM32F10x_StdPeriph_Driver/src/stm32f10x_tim.o
TIM_CCPreloadControl                              Libraries/STM32F10x_StdPeriph_Driver/src/stm32f10x_tim.o
TIM_CCxCmd                                        Libraries/STM32F10x_StdPeriph_Driver/src/stm32f10x_tim.o
TIM_CCxNCmd                                       Libraries/STM32F10x_StdPeriph_Driver/src/stm32f10x_tim.o
TIM_ClearFlag                                     Libraries/STM32F10x_StdPeriph_Driver/src/stm32f10x_tim.o
TIM_ClearITPendingBit                             Libraries/STM32F10x_StdPeriph_Driver/src/stm32f10x_tim.o
TIM_ClearOC1Ref                                   Libraries/STM32F10x_StdPeriph_Driver/src/stm32f10x_tim.o
TIM_ClearOC2Ref                                   Libraries/STM32F10x_StdPeriph_Driver/src/stm32f10x_tim.o
TIM_ClearOC3Ref                                   Libraries/STM32F10x_StdPeriph_Driver/src/stm32f10x_tim.o
TIM_ClearOC4Ref                                   Libraries/STM32F10x_StdPeriph_Driver/src/stm32f10x_tim.o
TIM_Cmd                                           Libraries/STM32F10x_StdPeriph_Driver/src/stm32f10x_tim.o
TIM_CounterModeConfig                             Libraries/STM32F10x_StdPeriph_Driver/src/stm32f10x_tim.o
TIM_CtrlPWMOutputs                                Libraries/STM32F10x_StdPeriph_Driver/src/stm32f10x_tim.o
TIM_DMACmd                                        Libraries/STM32F10x_StdPeriph_Driver/src/stm32f10x_tim.o
TIM_DMAConfig                                     Libraries/STM32F10x_StdPeriph_Driver/src/stm32f10x_tim.o
TIM_DeInit                                        Libraries/STM32F10x_StdPeriph_Driver/src/stm32f10x_tim.o
TIM_ETRClockMode1Config                           Libraries/STM32F10x_StdPeriph_Driver/src/stm32f10x_tim.o
TIM_ETRClockMode2Config                           Libraries/STM32F10x_StdPeriph_Driver/src/stm32f10x_tim.o
TIM_ETRConfig                                     Libraries/STM32F10x_StdPeriph_Driver/src/stm32f10x_tim.o
TIM_EncoderInterfaceConfig                        Libraries/STM32F10x_StdPeriph_Driver/src/stm32f10x_tim.o
TIM_ForcedOC1Config                               Libraries/STM32F10x_StdPeriph_Driver/src/stm32f10x_tim.o
TIM_ForcedOC2Config                               Libraries/STM32F10x_StdPeriph_Driver/src/stm32f10x_tim.o
TIM_ForcedOC3Config                               Libraries/STM32F10x_StdPeriph_Driver/src/stm32f10x_tim.o
TIM_ForcedOC4Config                               Libraries/STM32F10x_StdPeriph_Driver/src/stm32f10x_tim.o
TIM_GenerateEvent                                 Libraries/STM32F10x_StdPeriph_Driver/src/stm32f10x_tim.o
TIM_GetCapture1                                   Libraries/STM32F10x_StdPeriph_Driver/src/stm32f10x_tim.o
TIM_GetCapture2                                   Libraries/STM32F10x_StdPeriph_Driver/src/stm32f10x_tim.o
TIM_GetCapture3                                   Libraries/STM32F10x_StdPeriph_Driver/src/stm32f10x_tim.o
TIM_GetCapture4                                   Libraries/STM32F10x_StdPeriph_Driver/src/stm32f10x_tim.o
TIM_GetCounter                                    Libraries/STM32F10x_StdPeriph_Driver/src/stm32f10x_tim.o
TIM_GetFlagStatus                                 Libraries/STM32F10x_StdPeriph_Driver/src/stm32f10x_tim.o
TIM_GetITStatus                                   Libraries/STM32F10x_StdPeriph_Driver/src/stm32f10x_tim.o
TIM_GetPrescaler                                  Libraries/STM32F10x_StdPeriph_Driver/src/stm32f10x_tim.o
TIM_ICInit                                        Libraries/STM32F10x_StdPeriph_Driver/src/stm32f10x_tim.o
TIM_ICStructInit                                  Libraries/STM32F10x_StdPeriph_Driver/src/stm32f10x_tim.o
TIM_ITConfig                                      Libraries/STM32F10x_StdPeriph_Driver/src/stm32f10x_tim.o
TIM_ITRxExternalClockConfig                       Libraries/STM32F10x_StdPeriph_Driver/src/stm32f10x_tim.o
TIM_InternalClockConfig                           Libraries/STM32F10x_StdPeriph_Driver/src/stm32f10x_tim.o
TIM_OC1FastConfig                                 Libraries/STM32F10x_StdPeriph_Driver/src/stm32f10x_tim.o
TIM_OC1Init                                       Libraries/STM32F10x_StdPeriph_Driver/src/stm32f10x_tim.o
TIM_OC1NPolarityConfig                            Libraries/STM32F10x_StdPeriph_Driver/src/stm32f10x_tim.o
TIM_OC1PolarityConfig                             Libraries/STM32F10x_StdPeriph_Driver/src/stm32f10x_tim.o
TIM_OC1PreloadConfig                              Libraries/STM32F10x_StdPeriph_Driver/src/stm32f10x_tim.o
TIM_OC2FastConfig                                 Libraries/STM32F10x_StdPeriph_Driver/src/stm32f10x_tim.o
TIM_OC2Init                                       Libraries/STM32F10x_StdPeriph_Driver/src/stm32f10x_tim.o
TIM_OC2NPolarityConfig                            Libraries/STM32F10x_StdPeriph_Driver/src/stm32f10x_tim.o
TIM_OC2PolarityConfig                             Libraries/STM32F10x_StdPeriph_Driver/src/stm32f10x_tim.o
TIM_OC2PreloadConfig                              Libraries/STM32F10x_StdPeriph_Driver/src/stm32f10x_tim.o
TIM_OC3FastConfig                                 Libraries/STM32F10x_StdPeriph_Driver/src/stm32f10x_tim.o
TIM_OC3Init                                       Libraries/STM32F10x_StdPeriph_Driver/src/stm32f10x_tim.o
TIM_OC3NPolarityConfig                            Libraries/STM32F10x_StdPeriph_Driver/src/stm32f10x_tim.o
TIM_OC3PolarityConfig                             Libraries/STM32F10x_StdPeriph_Driver/src/stm32f10x_tim.o
TIM_OC3PreloadConfig                              Libraries/STM32F10x_StdPeriph_Driver/src/stm32f10x_tim.o
TIM_OC4FastConfig                                 Libraries/STM32F10x_StdPeriph_Driver/src/stm32f10x_tim.o
TIM_OC4Init                                       Libraries/STM32F10x_StdPeriph_Driver/src/stm32f10x_tim.o
TIM_OC4PolarityConfig                             Libraries/STM32F10x_StdPeriph_Driver/src/stm32f10x_tim.o
TIM_OC4PreloadConfig                              Libraries/STM32F10x_StdPeriph_Driver/src/stm32f10x_tim.o
TIM_OCStructInit                                  Libraries/STM32F10x_StdPeriph_Driver/src/stm32f10x_tim.o
TIM_PWMIConfig                                    Libraries/STM32F10x_StdPeriph_Driver/src/stm32f10x_tim.o
TIM_PrescalerConfig                               Libraries/STM32F10x_StdPeriph_Driver/src/stm32f10x_tim.o
TIM_SelectCCDMA                                   Libraries/STM32F10x_StdPeriph_Driver/src/stm32f10x_tim.o
TIM_SelectCOM                                     Libraries/STM32F10x_StdPeriph_Driver/src/stm32f10x_tim.o
TIM_SelectHallSensor                              Libraries/STM32F10x_StdPeriph_Driver/src/stm32f10x_tim.o
TIM_SelectInputTrigger                            Libraries/STM32F10x_StdPeriph_Driver/src/stm32f10x_tim.o
TIM_SelectMasterSlaveMode                         Libraries/STM32F10x_StdPeriph_Driver/src/stm32f10x_tim.o
TIM_SelectOCxM                                    Libraries/STM32F10x_StdPeriph_Driver/src/stm32f10x_tim.o
TIM_SelectOnePulseMode                            Libraries/STM32F10x_StdPeriph_Driver/src/stm32f10x_tim.o
TIM_SelectOutputTrigger                           Libraries/STM32F10x_StdPeriph_Driver/src/stm32f10x_tim.o
TIM_SelectSlaveMode                               Libraries/STM32F10x_StdPeriph_Driver/src/stm32f10x_tim.o
TIM_SetAutoreload                                 Libraries/STM32F10x_StdPeriph_Driver/src/stm32f10x_tim.o
TIM_SetClockDivision                              Libraries/STM32F10x_StdPeriph_Driver/src/stm32f10x_tim.o
TIM_SetCompare1                                   Libraries/STM32F10x_StdPeriph_Driver/src/stm32f10x_tim.o
TIM_SetCompare2                                   Libraries/STM32F10x_StdPeriph_Driver/src/stm32f10x_tim.o
TIM_SetCompare3                                   Libraries/STM32F10x_StdPeriph_Driver/src/stm32f10x_tim.o
TIM_SetCompare4                                   Libraries/STM32F10x_StdPeriph_Driver/src/stm32f10x_tim.o
TIM_SetCounter                                    Libraries/STM32F10x_StdPeriph_Driver/src/stm32f10x_tim.o
TIM_SetIC1Prescaler                               Libraries/STM32F10x_StdPeriph_Driver/src/stm32f10x_tim.o
TIM_SetIC2Prescaler                               Libraries/STM32F10x_StdPeriph_Driver/src/stm32f10x_tim.o
TIM_SetIC3Prescaler                               Libraries/STM32F10x_StdPeriph_Driver/src/stm32f10x_tim.o
TIM_SetIC4Prescaler                               Libraries/STM32F10x_StdPeriph_Driver/src/stm32f10x_tim.o
TIM_TIxExternalClockConfig                        Libraries/STM32F10x_StdPeriph_Driver/src/stm32f10x_tim.o
TIM_TimeBaseInit                                  Libraries/STM32F10x_StdPeriph_Driver/src/stm32f10x_tim.o
TIM_TimeBaseStructInit                            Libraries/STM32F10x_StdPeriph_Driver/src/stm32f10x_tim.o
TIM_UpdateDisableConfig                           Libraries/STM32F10x_StdPeriph_Driver/src/stm32f10x_tim.o
TIM_UpdateRequestConfig                           Libraries/STM32F10x_StdPeriph_Driver/src/stm32f10x_tim.o
USART1_IRQHandler                                 src/startup_stm32f10x_md.o
USART2_IRQHandler                                 src/startup_stm32f10x_md.o
USART3_IRQHandler                                 src/startup_stm32f10x_md.o
USART_ClearFlag                                   Libraries/STM32F10x_StdPeriph_Driver/src/stm32f10x_usart.o
USART_ClearITPendingBit                           Libraries/STM32F10x_StdPeriph_Driver/src/stm32f10x_usart.o
USART_ClockInit                                   Libraries/STM32F10x_StdPeriph_Driver/src/stm32f10x_usart.o
USART_ClockStructInit                             Libraries/STM32F10x_StdPeriph_Driver/src/stm32f10x_usart.o
USART_Cmd                                         Libraries/STM32F10x_StdPeriph_Driver/src/stm32f10x_usart.o
USART_DMACmd                                      Libraries/STM32F10x_StdPeriph_Driver/src/stm32f10x_usart.o
USART_DeInit                                      Libraries/STM32F10x_StdPeriph_Driver/src/stm32f10x_usart.o
USART_GetFlagStatus                               Libraries/STM32F10x_StdPeriph_Driver/src/stm32f10x_usart.o
USART_GetITStatus                                 Libraries/STM32F10x_StdPeriph_Driver/src/stm32f10x_usart.o
USART_HalfDuplexCmd                               Libraries/STM32F10x_StdPeriph_Driver/src/stm32f10x_usart.o
USART_ITConfig                                    Libraries/STM32F10x_StdPeriph_Driver/src/stm32f10x_usart.o
USART_Init                                        Libraries/STM32F10x_StdPeriph_Driver/src/stm32f10x_usart.o
USART_IrDACmd                                     Libraries/STM32F10x_StdPeriph_Driver/src/stm32f10x_usart.o
USART_IrDAConfig                                  Libraries/STM32F10x_StdPeriph_Driver/src/stm32f10x_usart.o
USART_LINBreakDetectLengthConfig                  Libraries/STM32F10x_StdPeriph_Driver/src/stm32f10x_usart.o
USART_LINCmd                                      Libraries/STM32F10x_StdPeriph_Driver/src/stm32f10x_usart.o
USART_OneBitMethodCmd                             Libraries/STM32F10x_StdPeriph_Driver/src/stm32f10x_usart.o
USART_OverSampling8Cmd                            Libraries/STM32F10x_StdPeriph_Driver/src/stm32f10x_usart.o
USART_ReceiveData                                 Libraries/STM32F10x_StdPeriph_Driver/src/stm32f10x_usart.o
USART_ReceiverWakeUpCmd                           Libraries/STM32F10x_StdPeriph_Driver/src/stm32f10x_usart.o
USART_SendBreak                                   Libraries/STM32F10x_StdPeriph_Driver/src/stm32f10x_usart.o
USART_SendData                                    Libraries/STM32F10x_StdPeriph_Driver/src/stm32f10x_usart.o
USART_SetAddress                                  Libraries/STM32F10x_StdPeriph_Driver/src/stm32f10x_usart.o
USART_SetGuardTime                                Libraries/STM32F10x_StdPeriph_Driver/src/stm32f10x_usart.o
USART_SetPrescaler                                Libraries/STM32F10x_StdPeriph_Driver/src/stm32f10x_usart.o
USART_SmartCardCmd                                Libraries/STM32F10x_StdPeriph_Driver/src/stm32f10x_usart.o
USART_SmartCardNACKCmd                            Libraries/STM32F10x_StdPeriph_Driver/src/stm32f10x_usart.o
USART_StructInit                                  Libraries/STM32F10x_StdPeriph_Driver/src/stm32f10x_usart.o
USART_WakeUpConfig                                Libraries/STM32F10x_StdPeriph_Driver/src/stm32f10x_usart.o
USBWakeUp_IRQHandler                              src/startup_stm32f10x_md.o
USB_HP_CAN1_TX_IRQHandler                         src/startup_stm32f10x_md.o
USB_LP_CAN1_RX0_IRQHandler                        src/startup_stm32f10x_md.o
UsageFault_Handler                                src/stm32f1xx_it.o
                                                  src/startup_stm32f10x_md.o
WWDG_ClearFlag                                    Libraries/STM32F10x_StdPeriph_Driver/src/stm32f10x_wwdg.o
WWDG_DeInit                                       Libraries/STM32F10x_StdPeriph_Driver/src/stm32f10x_wwdg.o
WWDG_Enable                                       Libraries/STM32F10x_StdPeriph_Driver/src/stm32f10x_wwdg.o
WWDG_EnableIT                                     Libraries/STM32F10x_StdPeriph_Driver/src/stm32f10x_wwdg.o
WWDG_GetFlagStatus                                Libraries/STM32F10x_StdPeriph_Driver/src/stm32f10x_wwdg.o
WWDG_IRQHandler                                   src/startup_stm32f10x_md.o
WWDG_SetCounter                                   Libraries/STM32F10x_StdPeriph_Driver/src/stm32f10x_wwdg.o
WWDG_SetPrescaler                                 Libraries/STM32F10x_StdPeriph_Driver/src/stm32f10x_wwdg.o
WWDG_SetWindowValue                               Libraries/STM32F10x_StdPeriph_Driver/src/stm32f10x_wwdg.o
__deregister_frame_info                           /opt/Atollic_TrueSTUDIO_for_STM32_x86_64_9.0.0/ARMTools/bin/../lib/gcc/arm-atollic-eabi/6.3.1/armv7-m/crtbegin.o
__dso_handle                                      /opt/Atollic_TrueSTUDIO_for_STM32_x86_64_9.0.0/ARMTools/bin/../lib/gcc/arm-atollic-eabi/6.3.1/armv7-m/crtbegin.o
__init_array_end                                  /opt/Atollic_TrueSTUDIO_for_STM32_x86_64_9.0.0/ARMTools/bin/../lib/gcc/arm-atollic-eabi/6.3.1/../../../../arm-atollic-eabi/lib/armv7-m/libc_nano.a(lib_a-init.o)
__init_array_start                                /opt/Atollic_TrueSTUDIO_for_STM32_x86_64_9.0.0/ARMTools/bin/../lib/gcc/arm-atollic-eabi/6.3.1/../../../../arm-atollic-eabi/lib/armv7-m/libc_nano.a(lib_a-init.o)
__libc_init_array                                 /opt/Atollic_TrueSTUDIO_for_STM32_x86_64_9.0.0/ARMTools/bin/../lib/gcc/arm-atollic-eabi/6.3.1/../../../../arm-atollic-eabi/lib/armv7-m/libc_nano.a(lib_a-init.o)
                                                  src/startup_stm32f10x_md.o
__preinit_array_end                               /opt/Atollic_TrueSTUDIO_for_STM32_x86_64_9.0.0/ARMTools/bin/../lib/gcc/arm-atollic-eabi/6.3.1/../../../../arm-atollic-eabi/lib/armv7-m/libc_nano.a(lib_a-init.o)
__preinit_array_start                             /opt/Atollic_TrueSTUDIO_for_STM32_x86_64_9.0.0/ARMTools/bin/../lib/gcc/arm-atollic-eabi/6.3.1/../../../../arm-atollic-eabi/lib/armv7-m/libc_nano.a(lib_a-init.o)
__register_frame_info                             /opt/Atollic_TrueSTUDIO_for_STM32_x86_64_9.0.0/ARMTools/bin/../lib/gcc/arm-atollic-eabi/6.3.1/armv7-m/crtbegin.o