bme280.c:380:8:bme280_init	24	static
bme280.c:420:8:bme280_get_regs	40	static
bme280.c:445:8:bme280_set_regs	64	static
bme280.c:494:8:bme280_set_sensor_settings	24	static
bme280.c:525:8:bme280_get_sensor_settings	24	static
bme280.c:545:8:bme280_set_sensor_mode	24	static
bme280.c:570:8:bme280_get_sensor_mode	24	static
bme280.c:590:8:bme280_soft_reset	24	static
bme280.c:615:8:bme280_get_sensor_data	48	static
bme280.c:648:15:set_osr_settings	32	static
bme280.c:664:15:set_osr_humidity_settings	24	static
bme280.c:690:15:set_osr_press_temp_settings	32	static
bme280.c:715:15:set_filter_standby_settings	32	static
bme280.c:740:13:fill_filter_settings	16	static
bme280.c:749:13:fill_standby_settings	16	static
bme280.c:758:13:fill_osr_press_settings	16	static
bme280.c:767:13:fill_osr_temp_settings	16	static
bme280.c:777:13:parse_device_settings	16	static
bme280.c:788:15:write_power_mode	24	static
bme280.c:810:15:put_device_to_sleep	32	static
bme280.c:831:15:reload_device_settings	24	static
bme280.c:846:13:parse_sensor_data	32	static
bme280.c:876:15:compensate_data	32	static
bme280.c:1014:16:compensate_temperature	40	static
bme280.c:1043:17:compensate_pressure	216	static
bme280.c:1135:17:compensate_humidity	48	static
bme280.c:1173:15:get_calib_data	48	static
bme280.c:1205:13:interleave_reg_addr	32	static
bme280.c:1219:13:parse_temp_press_calib_data	24	static
bme280.c:1243:13:parse_humidity_calib_data	32	static
bme280.c:1268:16:are_settings_changed	24	static
bme280.c:1287:15:null_ptr_check	24	static
