mqtt_packet.c:31:12:MqttEncode_FixedHeader	32	static
mqtt_packet.c:59:12:MqttDecode_FixedHeader	32	static
mqtt_packet.c:96:5:MqttDecode_RemainLen	40	static
mqtt_packet.c:126:5:MqttEncode_RemainLen	32	static
mqtt_packet.c:159:5:MqttDecode_Num	16	static
mqtt_packet.c:169:5:MqttEncode_Num	16	static
mqtt_packet.c:178:5:MqttDecode_String	32	static
mqtt_packet.c:194:5:MqttEncode_String	24	static
mqtt_packet.c:204:5:MqttEncode_Data	32	static
mqtt_packet.c:214:5:MqttEncode_Connect	64	static
mqtt_packet.c:304:5:MqttDecode_ConnectAck	56	static
mqtt_packet.c:333:5:MqttEncode_Publish	56	static
mqtt_packet.c:386:5:MqttDecode_Publish	64	static
mqtt_packet.c:433:5:MqttEncode_PublishResp	56	static
mqtt_packet.c:467:5:MqttDecode_PublishResp	56	static
mqtt_packet.c:496:5:MqttEncode_Subscribe	64	static
mqtt_packet.c:539:5:MqttDecode_SubscribeAck	56	static
mqtt_packet.c:568:5:MqttEncode_Unsubscribe	64	static
mqtt_packet.c:608:5:MqttDecode_UnsubscribeAck	56	static
mqtt_packet.c:637:5:MqttEncode_Ping	40	static
mqtt_packet.c:657:5:MqttDecode_Ping	40	static
mqtt_packet.c:677:5:MqttEncode_Disconnect	40	static
mqtt_packet.c:698:5:MqttPacket_Write	32	static
mqtt_packet.c:706:5:MqttPacket_Read	40	static
