nrf24.c:19:6:_delay_ms	24	static
nrf24.c:31:6:l3_send_packet	56	static
nrf24.c:62:6:l3_receive_packet	24	static
nrf24.c:144:6:nrf24_init	8	static
nrf24.c:153:6:nRF24_restore_defaults	16	static
nrf24.c:191:6:nrf24_config	16	static
nrf24.c:234:6:nrf24_rx_address	16	static
nrf24.c:241:9:nrf24_payload_length	4	static
nrf24.c:246:6:nrf24_tx_address	16	static
nrf24.c:254:9:nrf24_dataReady	16	static
nrf24.c:268:9:nrf24_rxFifoEmpty	16	static
nrf24.c:277:9:nrf24_payloadLength	16	static
nrf24.c:287:6:nrf24_getData	16	static
nrf24.c:305:9:nrf24_retransmissionCount	16	static
nrf24.c:314:6:nrf24_send	16	static
nrf24.c:350:9:nrf24_isSending	16	static
nrf24.c:365:9:nrf24_getStatus	16	static
nrf24.c:373:9:nrf24_lastMessageStatus	16	static
nrf24.c:393:6:nrf24_powerUpRx	8	static
nrf24.c:406:6:nrf24_powerUpTx	8	static
nrf24.c:413:6:nrf24_powerDown	8	static
nrf24.c:419:9:spi_transfer	24	static
nrf24.c:428:6:nrf24_transferSync	40	static
nrf24.c:438:6:nrf24_transmitSync	24	static
nrf24.c:448:6:nrf24_configRegister	16	static
nrf24.c:456:6:nrf24_readRegister	16	static
nrf24.c:464:6:nrf24_writeRegister	16	static
