tiny_broker.c:25:6:broker_init_directly	24	static
tiny_broker.c:38:6:broker_init_by_given_net	16	static
tiny_broker.c:44:6:is_client_connected	24	static
tiny_broker.c:57:23:broker_get_client_pos_by_id	24	static
tiny_broker.c:67:22:broker_get_client_id_by_socket	24	static
tiny_broker.c:78:6:is_client_exist	16	static
tiny_broker.c:87:20:can_broker_accept_next_client	24	static
tiny_broker.c:97:6:broker_remove_client	24	static
tiny_broker.c:107:16:broker_first_free_pos_for_client	24	static
tiny_broker.c:117:13:add_client	24	static
tiny_broker.c:125:14:decode_pck_len	32	static
tiny_broker.c:147:6:broker_packets_dispatcher	616	static
tiny_broker.c:208:6:broker_decode_connect	32	static
tiny_broker.c:264:32:is_client_authorised	16	static
tiny_broker.c:269:11:encode_conn_ack	16	static
tiny_broker.c:280:13:broker_create_new_client	24	static
tiny_broker.c:311:9:broker_validate_conn	16	static
tiny_broker.c:324:6:was_clean_session_requested	16	static
tiny_broker.c:333:7:broker_decode_publish	32	static
tiny_broker.c:360:6:publish_msg_to_subscribers	32	static
tiny_broker.c:377:6:encode_publish_ack	16	static
tiny_broker.c:385:6:broker_decode_subscribe	40	static
tiny_broker.c:448:6:add_subscription	32	static
