tiny_broker.c:25:6:broker_init_directly	24	static
tiny_broker.c:38:6:broker_init_by_given_net	16	static
tiny_broker.c:44:6:is_client_connected	24	static
tiny_broker.c:57:23:broker_find_client_pos	24	static
tiny_broker.c:68:6:is_client_exist	16	static
tiny_broker.c:77:20:can_broker_accept_next_client	24	static
tiny_broker.c:87:6:broker_remove_client	24	static
tiny_broker.c:97:16:broker_first_free_pos_for_client	24	static
tiny_broker.c:107:13:add_client	24	static
tiny_broker.c:115:14:decode_pck_len	32	static
tiny_broker.c:137:6:broker_packets_dispatcher	176	static
tiny_broker.c:188:6:broker_decode_connect	32	static
tiny_broker.c:244:32:is_client_authorised	16	static
tiny_broker.c:249:11:encode_conn_ack	16	static
tiny_broker.c:260:13:broker_create_new_client	24	static
tiny_broker.c:338:9:broker_can_accept_conn	16	static
tiny_broker.c:351:6:was_clean_session_requested	16	static
tiny_broker.c:360:7:broker_decode_publish	32	static
tiny_broker.c:389:6:publish_msg_to_subscribers	32	static
tiny_broker.c:406:6:encode_publish_ack	16	static
tiny_broker.c:414:6:broker_decode_subscribe	40	static
tiny_broker.c:443:6:add_subscribtion	32	static
