tm_stm32_ili9341.c:102:6:spi2_init_lcd	32	static
tm_stm32_ili9341.c:156:9:TM_SPI_Send	16	static
tm_stm32_ili9341.c:169:6:TM_ILI9341_Init	24	static
tm_stm32_ili9341.c:221:6:TM_ILI9341_InitLCD	8	static
tm_stm32_ili9341.c:332:6:TM_ILI9341_DisplayOn	8	static
tm_stm32_ili9341.c:336:6:TM_ILI9341_DisplayOff	8	static
tm_stm32_ili9341.c:340:6:TM_ILI9341_SendCommand	16	static
tm_stm32_ili9341.c:347:6:TM_ILI9341_SendData	16	static
tm_stm32_ili9341.c:354:6:TM_ILI9341_DrawPixel	16	static
tm_stm32_ili9341.c:363:6:TM_ILI9341_SetCursorPosition	24	static
tm_stm32_ili9341.c:377:6:TM_ILI9341_Fill	24	static
tm_stm32_ili9341.c:400:6:glcd_fill_screen	16	static
tm_stm32_ili9341.c:570:6:glcd_fill_screen_dma	24	static
tm_stm32_ili9341.c:630:6:glcd_fillRectangle	32	static
tm_stm32_ili9341.c:641:13:glcd_hline	32	static
tm_stm32_ili9341.c:665:6:TM_ILI9341_INT_Fill	40	static
tm_stm32_ili9341.c:718:6:TM_ILI9341_Delay	16	static
tm_stm32_ili9341.c:722:6:TM_ILI9341_Rotate	16	static
tm_stm32_ili9341.c:814:6:TM_ILI9341_DrawLine	40	static
tm_stm32_ili9341.c:876:6:TM_ILI9341_DrawRectangle	32	static
tm_stm32_ili9341.c:883:6:TM_ILI9341_DrawFilledRectangle	40	static
tm_stm32_ili9341.c:905:6:TM_ILI9341_DrawCircle	40	static
tm_stm32_ili9341.c:939:6:TM_ILI9341_DrawFilledCircle	56	static
tm_stm32_ili9341.c:973:6:TM_ILI9341_Puts	40	static
tm_stm32_ili9341.c:1003:6:TM_ILI9341_GetStringSize	32	static
tm_stm32_ili9341.c:1012:6:TM_ILI9341_Putc	56	static
